Component: ARM Compiler 5.06 update 6 (build 750) Tool: armlink [4d35ed]

==============================================================================

Section Cross References

    main.o(i.main) refers to system.o(i.systemInit) for systemInit
    main.o(i.main) refers to tasks.o(i.xTaskCreate) for xTaskCreate
    main.o(i.main) refers to tasks.o(i.vTaskStartScheduler) for vTaskStartScheduler
    main.o(i.main) refers to main.o(.data) for .data
    main.o(i.main) refers to main.o(i.start_task) for start_task
    main.o(i.start_task) refers to port.o(i.vPortEnterCritical) for vPortEnterCritical
    main.o(i.start_task) refers to tasks.o(i.xTaskCreate) for xTaskCreate
    main.o(i.start_task) refers to tasks.o(i.vTaskDelete) for vTaskDelete
    main.o(i.start_task) refers to port.o(i.vPortExitCritical) for vPortExitCritical
    main.o(i.start_task) refers to balance.o(i.Balance_task) for Balance_task
    main.o(i.start_task) refers to mpu6050.o(i.MPU6050_task) for MPU6050_task
    main.o(i.start_task) refers to show.o(i.show_task) for show_task
    main.o(i.start_task) refers to led.o(i.led_task) for led_task
    main.o(i.start_task) refers to usartx.o(i.data_task) for data_task
    main.o(i.start_task) refers to main.o(.data) for .data
    system_stm32f4xx.o(i.SystemCoreClockUpdate) refers to system_stm32f4xx.o(.data) for .data
    system_stm32f4xx.o(i.SystemInit) refers to system_stm32f4xx.o(i.SetSysClock) for SetSysClock
    adc.o(i.Adc_Init) refers to stm32f4xx_rcc.o(i.RCC_AHB1PeriphClockCmd) for RCC_AHB1PeriphClockCmd
    adc.o(i.Adc_Init) refers to stm32f4xx_rcc.o(i.RCC_APB2PeriphClockCmd) for RCC_APB2PeriphClockCmd
    adc.o(i.Adc_Init) refers to stm32f4xx_gpio.o(i.GPIO_Init) for GPIO_Init
    adc.o(i.Adc_Init) refers to stm32f4xx_rcc.o(i.RCC_APB2PeriphResetCmd) for RCC_APB2PeriphResetCmd
    adc.o(i.Adc_Init) refers to stm32f4xx_adc.o(i.ADC_CommonInit) for ADC_CommonInit
    adc.o(i.Adc_Init) refers to stm32f4xx_adc.o(i.ADC_Init) for ADC_Init
    adc.o(i.Adc_Init) refers to stm32f4xx_adc.o(i.ADC_Cmd) for ADC_Cmd
    adc.o(i.Adc_POWER_Init) refers to stm32f4xx_rcc.o(i.RCC_AHB1PeriphClockCmd) for RCC_AHB1PeriphClockCmd
    adc.o(i.Adc_POWER_Init) refers to stm32f4xx_rcc.o(i.RCC_APB2PeriphClockCmd) for RCC_APB2PeriphClockCmd
    adc.o(i.Adc_POWER_Init) refers to stm32f4xx_gpio.o(i.GPIO_Init) for GPIO_Init
    adc.o(i.Adc_POWER_Init) refers to stm32f4xx_rcc.o(i.RCC_APB2PeriphResetCmd) for RCC_APB2PeriphResetCmd
    adc.o(i.Adc_POWER_Init) refers to stm32f4xx_adc.o(i.ADC_CommonInit) for ADC_CommonInit
    adc.o(i.Adc_POWER_Init) refers to stm32f4xx_adc.o(i.ADC_Init) for ADC_Init
    adc.o(i.Adc_POWER_Init) refers to stm32f4xx_adc.o(i.ADC_Cmd) for ADC_Cmd
    adc.o(i.Get_Adc) refers to stm32f4xx_adc.o(i.ADC_RegularChannelConfig) for ADC_RegularChannelConfig
    adc.o(i.Get_Adc) refers to stm32f4xx_adc.o(i.ADC_SoftwareStartConv) for ADC_SoftwareStartConv
    adc.o(i.Get_Adc) refers to stm32f4xx_adc.o(i.ADC_GetFlagStatus) for ADC_GetFlagStatus
    adc.o(i.Get_Adc) refers to stm32f4xx_adc.o(i.ADC_GetConversionValue) for ADC_GetConversionValue
    adc.o(i.Get_Adc2) refers to stm32f4xx_adc.o(i.ADC_RegularChannelConfig) for ADC_RegularChannelConfig
    adc.o(i.Get_Adc2) refers to stm32f4xx_adc.o(i.ADC_SoftwareStartConv) for ADC_SoftwareStartConv
    adc.o(i.Get_Adc2) refers to stm32f4xx_adc.o(i.ADC_GetFlagStatus) for ADC_GetFlagStatus
    adc.o(i.Get_Adc2) refers to stm32f4xx_adc.o(i.ADC_GetConversionValue) for ADC_GetConversionValue
    adc.o(i.Get_adc_Average) refers to adc.o(i.Get_Adc) for Get_Adc
    adc.o(i.Get_adc_Average) refers to delay.o(i.delay_ms) for delay_ms
    adc.o(i.Get_battery_volt) refers to adc.o(i.Get_Adc2) for Get_Adc2
    adc.o(i.Get_battery_volt) refers to dflt_clz.o(x$fpl$dfltu) for __aeabi_ui2d
    adc.o(i.Get_battery_volt) refers to dmul.o(x$fpl$dmul) for __aeabi_dmul
    adc.o(i.Get_battery_volt) refers to d2f.o(x$fpl$d2f) for __aeabi_d2f
    encoder.o(i.Encoder_Init_TIM2) refers to stm32f4xx_rcc.o(i.RCC_APB1PeriphClockCmd) for RCC_APB1PeriphClockCmd
    encoder.o(i.Encoder_Init_TIM2) refers to stm32f4xx_rcc.o(i.RCC_AHB1PeriphClockCmd) for RCC_AHB1PeriphClockCmd
    encoder.o(i.Encoder_Init_TIM2) refers to stm32f4xx_gpio.o(i.GPIO_Init) for GPIO_Init
    encoder.o(i.Encoder_Init_TIM2) refers to stm32f4xx_gpio.o(i.GPIO_PinAFConfig) for GPIO_PinAFConfig
    encoder.o(i.Encoder_Init_TIM2) refers to stm32f4xx_tim.o(i.TIM_TimeBaseStructInit) for TIM_TimeBaseStructInit
    encoder.o(i.Encoder_Init_TIM2) refers to stm32f4xx_tim.o(i.TIM_TimeBaseInit) for TIM_TimeBaseInit
    encoder.o(i.Encoder_Init_TIM2) refers to stm32f4xx_tim.o(i.TIM_EncoderInterfaceConfig) for TIM_EncoderInterfaceConfig
    encoder.o(i.Encoder_Init_TIM2) refers to stm32f4xx_tim.o(i.TIM_ICStructInit) for TIM_ICStructInit
    encoder.o(i.Encoder_Init_TIM2) refers to stm32f4xx_tim.o(i.TIM_ICInit) for TIM_ICInit
    encoder.o(i.Encoder_Init_TIM2) refers to stm32f4xx_tim.o(i.TIM_ClearFlag) for TIM_ClearFlag
[...]
    __rt_lib_shutdown_heap_1                 0x08000257   Thumb Code     0  libshutdown2.o(.ARM.Collect$$libshutdown$$0000000F)
    __rt_lib_shutdown_return                 0x08000257   Thumb Code     0  libshutdown2.o(.ARM.Collect$$libshutdown$$00000010)
    __rt_lib_shutdown_signal_1               0x08000257   Thumb Code     0  libshutdown2.o(.ARM.Collect$$libshutdown$$0000000A)
    __rt_lib_shutdown_stdio_1                0x08000257   Thumb Code     0  libshutdown2.o(.ARM.Collect$$libshutdown$$00000004)
    __rt_lib_shutdown_user_alloc_1           0x08000257   Thumb Code     0  libshutdown2.o(.ARM.Collect$$libshutdown$$0000000C)
    __rt_entry                               0x08000259   Thumb Code     0  __rtentry.o(.ARM.Collect$$rtentry$$00000000)
    __rt_entry_presh_1                       0x08000259   Thumb Code     0  __rtentry2.o(.ARM.Collect$$rtentry$$00000002)
    __rt_entry_sh                            0x08000259   Thumb Code     0  __rtentry4.o(.ARM.Collect$$rtentry$$00000004)
    __rt_entry_li                            0x0800025f   Thumb Code     0  __rtentry2.o(.ARM.Collect$$rtentry$$0000000A)
    __rt_entry_postsh_1                      0x0800025f   Thumb Code     0  __rtentry2.o(.ARM.Collect$$rtentry$$00000009)
    __rt_entry_main                          0x08000263   Thumb Code     0  __rtentry2.o(.ARM.Collect$$rtentry$$0000000D)
    __rt_entry_postli_1                      0x08000263   Thumb Code     0  __rtentry2.o(.ARM.Collect$$rtentry$$0000000C)
    __rt_exit                                0x0800026b   Thumb Code     0  rtexit.o(.ARM.Collect$$rtexit$$00000000)
    __rt_exit_ls                             0x0800026d   Thumb Code     0  rtexit2.o(.ARM.Collect$$rtexit$$00000003)
    __rt_exit_prels_1                        0x0800026d   Thumb Code     0  rtexit2.o(.ARM.Collect$$rtexit$$00000002)
    __rt_exit_exit                           0x08000271   Thumb Code     0  rtexit2.o(.ARM.Collect$$rtexit$$00000004)
    SVC_Handler                              0x08000279   Thumb Code    28  port.o(.emb_text)
    __asm___6_port_c_39a90d8d__prvStartFirstTask 0x08000299   Thumb Code    28  port.o(.emb_text)
    __asm___6_port_c_39a90d8d__prvEnableVFP  0x080002b9   Thumb Code    16  port.o(.emb_text)
    PendSV_Handler                           0x080002cd   Thumb Code    88  port.o(.emb_text)
    vPortGetIPSR                             0x08000329   Thumb Code     6  port.o(.emb_text)
    Reset_Handler                            0x08000331   Thumb Code     8  startup_stm32f40_41xxx.o(.text)
    ADC_IRQHandler                           0x0800034b   Thumb Code     0  startup_stm32f40_41xxx.o(.text)
    CAN1_RX0_IRQHandler                      0x0800034b   Thumb Code     0  startup_stm32f40_41xxx.o(.text)
    CAN1_RX1_IRQHandler                      0x0800034b   Thumb Code     0  startup_stm32f40_41xxx.o(.text)
    CAN1_SCE_IRQHandler                      0x0800034b   Thumb Code     0  startup_stm32f40_41xxx.o(.text)
    CAN1_TX_IRQHandler                       0x0800034b   Thumb Code     0  startup_stm32f40_41xxx.o(.text)
    CAN2_RX0_IRQHandler                      0x0800034b   Thumb Code     0  startup_stm32f40_41xxx.o(.text)
    CAN2_RX1_IRQHandler                      0x0800034b   Thumb Code     0  startup_stm32f40_41xxx.o(.text)
    CAN2_SCE_IRQHandler                      0x0800034b   Thumb Code     0  startup_stm32f40_41xxx.o(.text)
    CAN2_TX_IRQHandler                       0x0800034b   Thumb Code     0  startup_stm32f40_41xxx.o(.text)
    CRYP_IRQHandler                          0x0800034b   Thumb Code     0  startup_stm32f40_41xxx.o(.text)
    DCMI_IRQHandler                          0x0800034b   Thumb Code     0  startup_stm32f40_41xxx.o(.text)
    DMA1_Stream0_IRQHandler                  0x0800034b   Thumb Code     0  startup_stm32f40_41xxx.o(.text)
    DMA1_Stream1_IRQHandler                  0x0800034b   Thumb Code     0  startup_stm32f40_41xxx.o(.text)
    DMA1_Stream2_IRQHandler                  0x0800034b   Thumb Code     0  startup_stm32f40_41xxx.o(.text)
    DMA1_Stream3_IRQHandler                  0x0800034b   Thumb Code     0  startup_stm32f40_41xxx.o(.text)
    DMA1_Stream4_IRQHandler                  0x0800034b   Thumb Code     0  startup_stm32f40_41xxx.o(.text)
    DMA1_Stream5_IRQHandler                  0x0800034b   Thumb Code     0  startup_stm32f40_41xxx.o(.text)
    DMA1_Stream6_IRQHandler                  0x0800034b   Thumb Code     0  startup_stm32f40_41xxx.o(.text)
    DMA1_Stream7_IRQHandler                  0x0800034b   Thumb Code     0  startup_stm32f40_41xxx.o(.text)
    DMA2_Stream0_IRQHandler                  0x0800034b   Thumb Code     0  startup_stm32f40_41xxx.o(.text)
    DMA2_Stream1_IRQHandler                  0x0800034b   Thumb Code     0  startup_stm32f40_41xxx.o(.text)
    DMA2_Stream2_IRQHandler                  0x0800034b   Thumb Code     0  startup_stm32f40_41xxx.o(.text)
    DMA2_Stream3_IRQHandler                  0x0800034b   Thumb Code     0  startup_stm32f40_41xxx.o(.text)
    DMA2_Stream4_IRQHandler                  0x0800034b   Thumb Code     0  startup_stm32f40_41xxx.o(.text)
    DMA2_Stream5_IRQHandler                  0x0800034b   Thumb Code     0  startup_stm32f40_41xxx.o(.text)
    DMA2_Stream6_IRQHandler                  0x0800034b   Thumb Code     0  startup_stm32f40_41xxx.o(.text)
    DMA2_Stream7_IRQHandler                  0x0800034b   Thumb Code     0  startup_stm32f40_41xxx.o(.text)
    ETH_IRQHandler                           0x0800034b   Thumb Code     0  startup_stm32f40_41xxx.o(.text)
    ETH_WKUP_IRQHandler                      0x0800034b   Thumb Code     0  startup_stm32f40_41xxx.o(.text)
    EXTI0_IRQHandler                         0x0800034b   Thumb Code     0  startup_stm32f40_41xxx.o(.text)
    EXTI15_10_IRQHandler                     0x0800034b   Thumb Code     0  startup_stm32f40_41xxx.o(.text)
    EXTI1_IRQHandler                         0x0800034b   Thumb Code     0  startup_stm32f40_41xxx.o(.text)
    EXTI2_IRQHandler                         0x0800034b   Thumb Code     0  startup_stm32f40_41xxx.o(.text)
    EXTI3_IRQHandler                         0x0800034b   Thumb Code     0  startup_stm32f40_41xxx.o(.text)
    EXTI4_IRQHandler                         0x0800034b   Thumb Code     0  startup_stm32f40_41xxx.o(.text)
    EXTI9_5_IRQHandler                       0x0800034b   Thumb Code     0  startup_stm32f40_41xxx.o(.text)
    FLASH_IRQHandler                         0x0800034b   Thumb Code     0  startup_stm32f40_41xxx.o(.text)
    FPU_IRQHandler                           0x0800034b   Thumb Code     0  startup_stm32f40_41xxx.o(.text)
    FSMC_IRQHandler                          0x0800034b   Thumb Code     0  startup_stm32f40_41xxx.o(.text)
    HASH_RNG_IRQHandler                      0x0800034b   Thumb Code     0  startup_stm32f40_41xxx.o(.text)
    I2C1_ER_IRQHandler                       0x0800034b   Thumb Code     0  startup_stm32f40_41xxx.o(.text)
    I2C1_EV_IRQHandler                       0x0800034b   Thumb Code     0  startup_stm32f40_41xxx.o(.text)
    I2C2_ER_IRQHandler                       0x0800034b   Thumb Code     0  startup_stm32f40_41xxx.o(.text)
    I2C2_EV_IRQHandler                       0x0800034b   Thumb Code     0  startup_stm32f40_41xxx.o(.text)
    I2C3_ER_IRQHandler                       0x0800034b   Thumb Code     0  startup_stm32f40_41xxx.o(.text)
    I2C3_EV_IRQHandler                       0x0800034b   Thumb Code     0  startup_stm32f40_41xxx.o(.text)
    OTG_FS_IRQHandler                        0x0800034b   Thumb Code     0  startup_stm32f40_41xxx.o(.text)
    OTG_FS_WKUP_IRQHandler                   0x0800034b   Thumb Code     0  startup_stm32f40_41xxx.o(.text)
    OTG_HS_EP1_IN_IRQHandler                 0x0800034b   Thumb Code     0  startup_stm32f40_41xxx.o(.text)
    OTG_HS_EP1_OUT_IRQHandler                0x0800034b   Thumb Code     0  startup_stm32f40_41xxx.o(.text)
    OTG_HS_IRQHandler                        0x0800034b   Thumb Code     0  startup_stm32f40_41xxx.o(.text)
    OTG_HS_WKUP_IRQHandler                   0x0800034b   Thumb Code     0  startup_stm32f40_41xxx.o(.text)
    PVD_IRQHandler                           0x0800034b   Thumb Code     0  startup_stm32f40_41xxx.o(.text)
    RCC_IRQHandler                           0x0800034b   Thumb Code     0  startup_stm32f40_41xxx.o(.text)
    RTC_Alarm_IRQHandler                     0x0800034b   Thumb Code     0  startup_stm32f40_41xxx.o(.text)
    RTC_WKUP_IRQHandler                      0x0800034b   Thumb Code     0  startup_stm32f40_41xxx.o(.text)
    SDIO_IRQHandler                          0x0800034b   Thumb Code     0  startup_stm32f40_41xxx.o(.text)
    SPI1_IRQHandler                          0x0800034b   Thumb Code     0  startup_stm32f40_41xxx.o(.text)
    SPI2_IRQHandler                          0x0800034b   Thumb Code     0  startup_stm32f40_41xxx.o(.text)
    SPI3_IRQHandler                          0x0800034b   Thumb Code     0  startup_stm32f40_41xxx.o(.text)
    TAMP_STAMP_IRQHandler                    0x0800034b   Thumb Code     0  startup_stm32f40_41xxx.o(.text)
    TIM1_BRK_TIM9_IRQHandler                 0x0800034b   Thumb Code     0  startup_stm32f40_41xxx.o(.text)
    TIM1_CC_IRQHandler                       0x0800034b   Thumb Code     0  startup_stm32f40_41xxx.o(.text)
    TIM1_TRG_COM_TIM11_IRQHandler            0x0800034b   Thumb Code     0  startup_stm32f40_41xxx.o(.text)
    TIM1_UP_TIM10_IRQHandler                 0x0800034b   Thumb Code     0  startup_stm32f40_41xxx.o(.text)
    TIM6_DAC_IRQHandler                      0x0800034b   Thumb Code     0  startup_stm32f40_41xxx.o(.text)
    TIM7_IRQHandler                          0x0800034b   Thumb Code     0  startup_stm32f40_41xxx.o(.text)
    TIM8_CC_IRQHandler                       0x0800034b   Thumb Code     0  startup_stm32f40_41xxx.o(.text)
    TIM8_TRG_COM_TIM14_IRQHandler            0x0800034b   Thumb Code     0  startup_stm32f40_41xxx.o(.text)
    UART4_IRQHandler                         0x0800034b   Thumb Code     0  startup_stm32f40_41xxx.o(.text)
    USART6_IRQHandler                        0x0800034b   Thumb Code     0  startup_stm32f40_41xxx.o(.text)
    WWDG_IRQHandler                          0x0800034b   Thumb Code     0  startup_stm32f40_41xxx.o(.text)
    __user_initial_stackheap                 0x0800034d   Thumb Code     0  startup_stm32f40_41xxx.o(.text)
    __use_no_semihosting                     0x08000371   Thumb Code     2  use_no_semi_2.o(.text)
    __2printf                                0x08000375   Thumb Code    20  noretval__2printf.o(.text)
    __printf                                 0x0800038d   Thumb Code   104  __printf.o(.text)
    _printf_str                              0x080003f5   Thumb Code    82  _printf_str.o(.text)
    _printf_int_dec                          0x08000449   Thumb Code   104  _printf_dec.o(.text)
    __aeabi_memcpy                           0x080004c1   Thumb Code     0  rt_memcpy_v6.o(.text)
    __rt_memcpy                              0x080004c1   Thumb Code   138  rt_memcpy_v6.o(.text)
    _memcpy_lastbytes                        0x08000527   Thumb Code     0  rt_memcpy_v6.o(.text)
    __aeabi_memset                           0x0800054b   Thumb Code    16  aeabi_memset.o(.text)
    __aeabi_memclr                           0x0800055b   Thumb Code     0  rt_memclr.o(.text)
    __rt_memclr                              0x0800055b   Thumb Code    68  rt_memclr.o(.text)
    _memset                                  0x0800055f   Thumb Code     0  rt_memclr.o(.text)
    __use_two_region_memory                  0x0800059f   Thumb Code     2  heapauxi.o(.text)
    __rt_heap_escrow$2region                 0x080005a1   Thumb Code     2  heapauxi.o(.text)
    __rt_heap_expand$2region                 0x080005a3   Thumb Code     2  heapauxi.o(.text)
    __I$use$semihosting                      0x080005a5   Thumb Code     0  use_no_semi.o(.text)
    __use_no_semihosting_swi                 0x080005a5   Thumb Code     2  use_no_semi.o(.text)
    _printf_int_common                       0x080005a7   Thumb Code   178  _printf_intcommon.o(.text)
    _printf_char_common                      0x08000663   Thumb Code    32  _printf_char_common.o(.text)
    _printf_cs_common                        0x08000689   Thumb Code    20  _printf_char.o(.text)
    _printf_char                             0x0800069d   Thumb Code    16  _printf_char.o(.text)
    _printf_string                           0x080006ad   Thumb Code     8  _printf_char.o(.text)
    _printf_char_file                        0x080006b5   Thumb Code    32  _printf_char_file.o(.text)
    __aeabi_memcpy4                          0x080006d9   Thumb Code     0  rt_memcpy_w.o(.text)
    __aeabi_memcpy8                          0x080006d9   Thumb Code     0  rt_memcpy_w.o(.text)
    __rt_memcpy_w                            0x080006d9   Thumb Code   100  rt_memcpy_w.o(.text)
    _memcpy_lastbytes_aligned                0x08000721   Thumb Code     0  rt_memcpy_w.o(.text)
    __aeabi_memclr4                          0x0800073d   Thumb Code     0  rt_memclr_w.o(.text)
    __aeabi_memclr8                          0x0800073d   Thumb Code     0  rt_memclr_w.o(.text)
    __rt_memclr_w                            0x0800073d   Thumb Code    78  rt_memclr_w.o(.text)
    _memset_w                                0x08000741   Thumb Code     0  rt_memclr_w.o(.text)
    ferror                                   0x0800078b   Thumb Code     8  ferror.o(.text)
    __user_setup_stackheap                   0x08000793   Thumb Code    74  sys_stackheap_outer.o(.text)
    exit                                     0x080007dd   Thumb Code    18  exit.o(.text)
    __user_libspace                          0x080007f1   Thumb Code     8  libspace.o(.text)
    __user_perproc_libspace                  0x080007f1   Thumb Code     0  libspace.o(.text)
    __user_perthread_libspace                0x080007f1   Thumb Code     0  libspace.o(.text)
    ADC_Cmd                                  0x080007f9   Thumb Code    20  stm32f4xx_adc.o(i.ADC_Cmd)
    ADC_CommonInit                           0x0800080d   Thumb Code    34  stm32f4xx_adc.o(i.ADC_CommonInit)
    ADC_GetConversionValue                   0x08000839   Thumb Code     6  stm32f4xx_adc.o(i.ADC_GetConversionValue)
    ADC_GetFlagStatus                        0x0800083f   Thumb Code    14  stm32f4xx_adc.o(i.ADC_GetFlagStatus)
    ADC_Init                                 0x0800084d   Thumb Code    66  stm32f4xx_adc.o(i.ADC_Init)
    ADC_RegularChannelConfig                 0x08000899   Thumb Code   116  stm32f4xx_adc.o(i.ADC_RegularChannelConfig)
    ADC_SoftwareStartConv                    0x0800090d   Thumb Code    10  stm32f4xx_adc.o(i.ADC_SoftwareStartConv)
    APP_Show                                 0x08000919   Thumb Code    70  show.o(i.APP_Show)
    Adc_Init                                 0x0800097d   Thumb Code   120  adc.o(i.Adc_Init)
    Adc_POWER_Init                           0x080009fd   Thumb Code   118  adc.o(i.Adc_POWER_Init)
    Balance_task                             0x08000a7d   Thumb Code   300  balance.o(i.Balance_task)
    Brush_Control                            0x08000bd1   Thumb Code   168  balance.o(i.Brush_Control)
    BusFault_Handler                         0x08000c91   Thumb Code     2  stm32f4xx_it.o(i.BusFault_Handler)
    Buzzer_Init                              0x08000c95   Thumb Code    48  led.o(i.Buzzer_Init)
    Check_Sum                                0x08000cc9   Thumb Code    52  usartx.o(i.Check_Sum)
    DebugMon_Handler                         0x08000d01   Thumb Code     2  stm32f4xx_it.o(i.DebugMon_Handler)
    Drive_Motor                              0x08000d05   Thumb Code   182  balance.o(i.Drive_Motor)
    Enable_Pin                               0x08000dd9   Thumb Code    42  motor.o(i.Enable_Pin)
    Encoder_Init_TIM2                        0x08000e09   Thumb Code   212  encoder.o(i.Encoder_Init_TIM2)
    Encoder_Init_TIM3                        0x08000ee5   Thumb Code   180  encoder.o(i.Encoder_Init_TIM3)
    Encoder_Init_TIM4                        0x08000fa1   Thumb Code   180  encoder.o(i.Encoder_Init_TIM4)
    Encoder_Init_TIM5                        0x0800105d   Thumb Code   178  encoder.o(i.Encoder_Init_TIM5)
    Equipment_init                           0x08001119   Thumb Code    84  motor.o(i.Equipment_init)
    GPIO_Init                                0x08001171   Thumb Code   120  stm32f4xx_gpio.o(i.GPIO_Init)
    GPIO_PinAFConfig                         0x080011e9   Thumb Code    32  stm32f4xx_gpio.o(i.GPIO_PinAFConfig)
    GPIO_ReadInputDataBit                    0x08001209   Thumb Code    14  stm32f4xx_gpio.o(i.GPIO_ReadInputDataBit)
    GPIO_ResetBits                           0x08001217   Thumb Code     4  stm32f4xx_gpio.o(i.GPIO_ResetBits)
    GPIO_SetBits                             0x0800121b   Thumb Code     4  stm32f4xx_gpio.o(i.GPIO_SetBits)
    Get_Adc                                  0x08001221   Thumb Code    44  adc.o(i.Get_Adc)
    Get_Adc2                                 0x08001251   Thumb Code    44  adc.o(i.Get_Adc2)
    Get_RC                                   0x08001281   Thumb Code   202  balance.o(i.Get_RC)
    Get_Velocity_Form_Encoder                0x0800137d   Thumb Code   164  balance.o(i.Get_Velocity_Form_Encoder)
    Get_adc_Average                          0x08001441   Thumb Code    46  adc.o(i.Get_adc_Average)
    Get_battery_volt                         0x08001471   Thumb Code    70  adc.o(i.Get_battery_volt)
    HardFault_Handler                        0x080014d9   Thumb Code     2  stm32f4xx_it.o(i.HardFault_Handler)
    I2C_Ack                                  0x080014dd   Thumb Code    54  i2c.o(i.I2C_Ack)
    I2C_GPIOInit                             0x0800151d   Thumb Code    58  i2c.o(i.I2C_GPIOInit)
    I2C_NAck                                 0x08001561   Thumb Code    56  i2c.o(i.I2C_NAck)
    I2C_ReadByte                             0x080015a1   Thumb Code   102  i2c.o(i.I2C_ReadByte)
    I2C_ReadOneByte                          0x08001611   Thumb Code    62  i2c.o(i.I2C_ReadOneByte)
    I2C_Start                                0x08001651   Thumb Code    70  i2c.o(i.I2C_Start)
    I2C_Stop                                 0x080016a1   Thumb Code    56  i2c.o(i.I2C_Stop)
    I2C_WaiteForAck                          0x080016e1   Thumb Code    76  i2c.o(i.I2C_WaiteForAck)
    I2C_WriteBits                            0x08001735   Thumb Code    74  i2c.o(i.I2C_WriteBits)
    I2C_WriteByte                            0x08001781   Thumb Code    86  i2c.o(i.I2C_WriteByte)
    I2C_WriteOneByte                         0x080017e1   Thumb Code    50  i2c.o(i.I2C_WriteOneByte)
    Incremental_PI_A                         0x08001815   Thumb Code    96  balance.o(i.Incremental_PI_A)
    Incremental_PI_B                         0x08001891   Thumb Code    96  balance.o(i.Incremental_PI_B)
    Incremental_PI_C                         0x0800190d   Thumb Code    96  balance.o(i.Incremental_PI_C)
    Incremental_PI_D                         0x08001989   Thumb Code    96  balance.o(i.Incremental_PI_D)
    KEY_Init                                 0x08001a05   Thumb Code    40  key.o(i.KEY_Init)
    Key                                      0x08001a31   Thumb Code    38  balance.o(i.Key)
    LED_Init                                 0x08001a69   Thumb Code    58  led.o(i.LED_Init)
    Limit_Pwm                                0x08001aa9   Thumb Code   126  balance.o(i.Limit_Pwm)
    MPU6050_Set_LPF                          0x08001b39   Thumb Code    50  mpu6050.o(i.MPU6050_Set_LPF)
    MPU6050_Set_Rate                         0x08001b6b   Thumb Code    48  mpu6050.o(i.MPU6050_Set_Rate)
    MPU6050_initialize                       0x08001b9b   Thumb Code   132  mpu6050.o(i.MPU6050_initialize)
    MPU6050_setFullScaleAccelRange           0x08001c1f   Thumb Code    18  mpu6050.o(i.MPU6050_setFullScaleAccelRange)
    MPU6050_setFullScaleGyroRange            0x08001c31   Thumb Code    18  mpu6050.o(i.MPU6050_setFullScaleGyroRange)
    MPU6050_task                             0x08001c45   Thumb Code    60  mpu6050.o(i.MPU6050_task)
    MPU_Get_Accelscope                       0x08001c85   Thumb Code   130  mpu6050.o(i.MPU_Get_Accelscope)
    MPU_Get_Gyroscope                        0x08001d0d   Thumb Code   152  mpu6050.o(i.MPU_Get_Gyroscope)
    MemManage_Handler                        0x08001db1   Thumb Code     2  stm32f4xx_it.o(i.MemManage_Handler)
    NMI_Handler                              0x08001db3   Thumb Code     2  stm32f4xx_it.o(i.NMI_Handler)
    NVIC_Init                                0x08001db5   Thumb Code    96  misc.o(i.NVIC_Init)
    NVIC_PriorityGroupConfig                 0x08001e19   Thumb Code    10  misc.o(i.NVIC_PriorityGroupConfig)
    OLED_Clear                               0x08001e2d   Thumb Code    38  oled.o(i.OLED_Clear)
    OLED_DrawPoint                           0x08001e59   Thumb Code    54  oled.o(i.OLED_DrawPoint)
    OLED_Init                                0x08001e95   Thumb Code   294  oled.o(i.OLED_Init)
    OLED_Refresh_Gram                        0x08001fc5   Thumb Code    66  oled.o(i.OLED_Refresh_Gram)
    OLED_ShowChar                            0x0800200d   Thumb Code   124  oled.o(i.OLED_ShowChar)
    OLED_ShowNumber                          0x08002091   Thumb Code   120  oled.o(i.OLED_ShowNumber)
    OLED_ShowString                          0x08002109   Thumb Code    62  oled.o(i.OLED_ShowString)
    OLED_WR_Byte                             0x08002149   Thumb Code    62  oled.o(i.OLED_WR_Byte)
    PWR_BackupAccessCmd                      0x0800218d   Thumb Code     6  stm32f4xx_pwr.o(i.PWR_BackupAccessCmd)
    RCC_AHB1PeriphClockCmd                   0x08002199   Thumb Code    18  stm32f4xx_rcc.o(i.RCC_AHB1PeriphClockCmd)
    RCC_APB1PeriphClockCmd                   0x080021b1   Thumb Code    18  stm32f4xx_rcc.o(i.RCC_APB1PeriphClockCmd)
    RCC_APB2PeriphClockCmd                   0x080021c9   Thumb Code    18  stm32f4xx_rcc.o(i.RCC_APB2PeriphClockCmd)
    RCC_APB2PeriphResetCmd                   0x080021e1   Thumb Code    18  stm32f4xx_rcc.o(i.RCC_APB2PeriphResetCmd)
    RCC_GetClocksFreq                        0x080021f9   Thumb Code   132  stm32f4xx_rcc.o(i.RCC_GetClocksFreq)
    RCC_LSEConfig                            0x08002289   Thumb Code    22  stm32f4xx_rcc.o(i.RCC_LSEConfig)
    Read_Encoder                             0x080022a5   Thumb Code    52  encoder.o(i.Read_Encoder)
    Robot_Init                               0x080022e5   Thumb Code   110  robot_select_init.o(i.Robot_Init)
    Robot_Select                             0x0800236d   Thumb Code    70  robot_select_init.o(i.Robot_Select)
    Set_Pwm                                  0x08002485   Thumb Code    94  balance.o(i.Set_Pwm)
    Smooth_control                           0x080024f9   Thumb Code   308  balance.o(i.Smooth_control)
    SysTick_CLKSourceConfig                  0x08002639   Thumb Code    24  misc.o(i.SysTick_CLKSourceConfig)
    SysTick_Handler                          0x08002651   Thumb Code    20  delay.o(i.SysTick_Handler)
    SystemInit                               0x08002665   Thumb Code    74  system_stm32f4xx.o(i.SystemInit)
    TIM10_PWM_Init                           0x08002725   Thumb Code   150  motor.o(i.TIM10_PWM_Init)
    TIM11_PWM_Init                           0x080027c5   Thumb Code   158  motor.o(i.TIM11_PWM_Init)
    TIM12_SERVO_Init                         0x0800286d   Thumb Code   202  timer.o(i.TIM12_SERVO_Init)
    TIM1_PWM_Init                            0x08002941   Thumb Code   238  motor.o(i.TIM1_PWM_Init)
    TIM2_IRQHandler                          0x08002a39   Thumb Code    16  encoder.o(i.TIM2_IRQHandler)
    TIM3_IRQHandler                          0x08002a49   Thumb Code    14  encoder.o(i.TIM3_IRQHandler)
    TIM4_IRQHandler                          0x08002a5d   Thumb Code    14  encoder.o(i.TIM4_IRQHandler)
    TIM5_IRQHandler                          0x08002a71   Thumb Code    14  encoder.o(i.TIM5_IRQHandler)
    TIM8_BRK_TIM12_IRQHandler                0x08002a85   Thumb Code    62  encoder.o(i.TIM8_BRK_TIM12_IRQHandler)
    TIM8_SERVO_Init                          0x08002ad9   Thumb Code   236  timer.o(i.TIM8_SERVO_Init)
    TIM8_UP_TIM13_IRQHandler                 0x08002bcd   Thumb Code    12  timer.o(i.TIM8_UP_TIM13_IRQHandler)
    TIM9_PWM_Init                            0x08002bdd   Thumb Code   176  motor.o(i.TIM9_PWM_Init)
    TIM_ARRPreloadConfig                     0x08002c95   Thumb Code    20  stm32f4xx_tim.o(i.TIM_ARRPreloadConfig)
    TIM_ClearFlag                            0x08002ca9   Thumb Code     6  stm32f4xx_tim.o(i.TIM_ClearFlag)
    TIM_ClearITPendingBit                    0x08002caf   Thumb Code     6  stm32f4xx_tim.o(i.TIM_ClearITPendingBit)
    TIM_Cmd                                  0x08002cb5   Thumb Code    20  stm32f4xx_tim.o(i.TIM_Cmd)
    TIM_CtrlPWMOutputs                       0x08002cc9   Thumb Code    22  stm32f4xx_tim.o(i.TIM_CtrlPWMOutputs)
    TIM_EncoderInterfaceConfig               0x08002cdf   Thumb Code    50  stm32f4xx_tim.o(i.TIM_EncoderInterfaceConfig)
    TIM_GetITStatus                          0x08002d11   Thumb Code    24  stm32f4xx_tim.o(i.TIM_GetITStatus)
    TIM_ICInit                               0x08002d29   Thumb Code   172  stm32f4xx_tim.o(i.TIM_ICInit)
    TIM_ICStructInit                         0x08002dd5   Thumb Code    16  stm32f4xx_tim.o(i.TIM_ICStructInit)
    TIM_ITConfig                             0x08002de5   Thumb Code    16  stm32f4xx_tim.o(i.TIM_ITConfig)
    TIM_OC1Init                              0x08002df5   Thumb Code    88  stm32f4xx_tim.o(i.TIM_OC1Init)
    TIM_OC1PreloadConfig                     0x08002e55   Thumb Code    12  stm32f4xx_tim.o(i.TIM_OC1PreloadConfig)
    TIM_OC2Init                              0x08002e61   Thumb Code   120  stm32f4xx_tim.o(i.TIM_OC2Init)
    TIM_OC2PreloadConfig                     0x08002ee1   Thumb Code    20  stm32f4xx_tim.o(i.TIM_OC2PreloadConfig)
    TIM_OC3Init                              0x08002ef5   Thumb Code   116  stm32f4xx_tim.o(i.TIM_OC3Init)
    TIM_OC3PreloadConfig                     0x08002f71   Thumb Code    12  stm32f4xx_tim.o(i.TIM_OC3PreloadConfig)
    TIM_OC4Init                              0x08002f7d   Thumb Code    88  stm32f4xx_tim.o(i.TIM_OC4Init)
    TIM_OC4PreloadConfig                     0x08002fdd   Thumb Code    20  stm32f4xx_tim.o(i.TIM_OC4PreloadConfig)
    TIM_SetCounter                           0x08002ff1   Thumb Code     4  stm32f4xx_tim.o(i.TIM_SetCounter)
    TIM_SetIC1Prescaler                      0x08002ff5   Thumb Code    16  stm32f4xx_tim.o(i.TIM_SetIC1Prescaler)
    TIM_SetIC2Prescaler                      0x08003005   Thumb Code    24  stm32f4xx_tim.o(i.TIM_SetIC2Prescaler)
    TIM_SetIC3Prescaler                      0x0800301d   Thumb Code    16  stm32f4xx_tim.o(i.TIM_SetIC3Prescaler)
    TIM_SetIC4Prescaler                      0x0800302d   Thumb Code    24  stm32f4xx_tim.o(i.TIM_SetIC4Prescaler)
    TIM_TimeBaseInit                         0x08003045   Thumb Code    96  stm32f4xx_tim.o(i.TIM_TimeBaseInit)
    TIM_TimeBaseStructInit                   0x080030c1   Thumb Code    18  stm32f4xx_tim.o(i.TIM_TimeBaseStructInit)
    Turn_Off                                 0x080030d5   Thumb Code    54  balance.o(i.Turn_Off)
    UART5_IRQHandler                         0x08003125   Thumb Code   150  usartx.o(i.UART5_IRQHandler)
    USART1_IRQHandler                        0x080031e5   Thumb Code   166  usartx.o(i.USART1_IRQHandler)
    USART1_SEND                              0x080032b5   Thumb Code    22  usartx.o(i.USART1_SEND)
    USART2_IRQHandler                        0x080032d1   Thumb Code   258  usartx.o(i.USART2_IRQHandler)
    USART3_IRQHandler                        0x0800340d   Thumb Code   154  usartx.o(i.USART3_IRQHandler)
    USART3_SEND                              0x080034d5   Thumb Code    22  usartx.o(i.USART3_SEND)
    USART5_SEND                              0x080034f1   Thumb Code    22  usartx.o(i.USART5_SEND)
    USART_Cmd                                0x0800350d   Thumb Code    20  stm32f4xx_usart.o(i.USART_Cmd)
    USART_GetITStatus                        0x08003521   Thumb Code    62  stm32f4xx_usart.o(i.USART_GetITStatus)
    USART_ITConfig                           0x0800355f   Thumb Code    48  stm32f4xx_usart.o(i.USART_ITConfig)
    USART_Init                               0x08003591   Thumb Code   164  stm32f4xx_usart.o(i.USART_Init)
    USART_ReceiveData                        0x0800363d   Thumb Code     8  stm32f4xx_usart.o(i.USART_ReceiveData)
    UsageFault_Handler                       0x08003645   Thumb Code     2  stm32f4xx_it.o(i.UsageFault_Handler)
    XYZ_Target_Speed_transition              0x08003649   Thumb Code    74  usartx.o(i.XYZ_Target_Speed_transition)
    _sys_exit                                0x0800369d   Thumb Code     2  usart.o(i._sys_exit)
    click_N_Double_MPU6050                   0x080036a1   Thumb Code   138  key.o(i.click_N_Double_MPU6050)
    data_task                                0x08003735   Thumb Code    34  usartx.o(i.data_task)
    data_transition                          0x08003759   Thumb Code   372  usartx.o(i.data_transition)
    delay_init                               0x080038fd   Thumb Code    50  delay.o(i.delay_init)
    delay_ms                                 0x08003935   Thumb Code    52  delay.o(i.delay_ms)
    delay_us                                 0x0800396d   Thumb Code    48  delay.o(i.delay_us)
    float_abs                                0x080039a1   Thumb Code    16  balance.o(i.float_abs)
    fputc                                    0x080039b1   Thumb Code    18  usart.o(i.fputc)
    getSysTickCnt                            0x080039c9   Thumb Code    24  delay.o(i.getSysTickCnt)
    led_task                                 0x080039e5   Thumb Code    22  led.o(i.led_task)
    main                                     0x08003a05   Thumb Code    34  main.o(i.main)
    oled_pow                                 0x08003a3d   Thumb Code    16  oled.o(i.oled_pow)
    oled_show                                0x08003a4d   Thumb Code   980  show.o(i.oled_show)
    pvPortMalloc                             0x08004705   Thumb Code   214  heap_4.o(i.pvPortMalloc)
    pvTaskIncrementMutexHeldCount            0x08004819   Thumb Code    18  tasks.o(i.pvTaskIncrementMutexHeldCount)
    pxPortInitialiseStack                    0x08004831   Thumb Code    40  port.o(i.pxPortInitialiseStack)
    show_task                                0x0800485d   Thumb Code   258  show.o(i.show_task)
    start_task                               0x08004985   Thumb Code   112  main.o(i.start_task)
    systemInit                               0x08004a51   Thumb Code   172  system.o(i.systemInit)
    target_limit_float                       0x08004afd   Thumb Code    32  balance.o(i.target_limit_float)
    uart1_init                               0x08004b1d   Thumb Code   162  usartx.o(i.uart1_init)
    uart2_init                               0x08004bc9   Thumb Code   160  usartx.o(i.uart2_init)
    uart3_init                               0x08004c71   Thumb Code   168  usartx.o(i.uart3_init)
    uart4_init                               0x08004d21   Thumb Code   156  usartx.o(i.uart4_init)
    uart5_init                               0x08004dc5   Thumb Code   206  usartx.o(i.uart5_init)
    usart1_send                              0x08004ea1   Thumb Code    12  usartx.o(i.usart1_send)
    usart3_send                              0x08004eb1   Thumb Code    14  usartx.o(i.usart3_send)
    usart5_send                              0x08004ec5   Thumb Code    12  usartx.o(i.usart5_send)
    uxListRemove                             0x08004ed5   Thumb Code    36  list.o(i.uxListRemove)
    vListInitialise                          0x08004ef9   Thumb Code    22  list.o(i.vListInitialise)
    vListInitialiseItem                      0x08004f0f   Thumb Code     6  list.o(i.vListInitialiseItem)
    vListInsert                              0x08004f15   Thumb Code    48  list.o(i.vListInsert)
    vListInsertEnd                           0x08004f45   Thumb Code    24  list.o(i.vListInsertEnd)
    vPortEnterCritical                       0x08004f5d   Thumb Code    50  port.o(i.vPortEnterCritical)
    vPortExitCritical                        0x08004fd5   Thumb Code    34  port.o(i.vPortExitCritical)
    vPortFree                                0x08005039   Thumb Code    94  heap_4.o(i.vPortFree)
    vPortSetupTimerInterrupt                 0x080050d5   Thumb Code    26  port.o(i.vPortSetupTimerInterrupt)
    vPortValidateInterruptPriority           0x080050f5   Thumb Code    70  port.o(i.vPortValidateInterruptPriority)
    vQueueAddToRegistry                      0x08005181   Thumb Code    32  queue.o(i.vQueueAddToRegistry)
    vQueueWaitForMessageRestricted           0x080051a5   Thumb Code    68  queue.o(i.vQueueWaitForMessageRestricted)
    vTaskDelay                               0x080051e9   Thumb Code    62  tasks.o(i.vTaskDelay)
    vTaskDelayUntil                          0x08005255   Thumb Code   128  tasks.o(i.vTaskDelayUntil)
    vTaskDelete                              0x08005301   Thumb Code   152  tasks.o(i.vTaskDelete)
    vTaskMissedYield                         0x080053cd   Thumb Code     8  tasks.o(i.vTaskMissedYield)
    vTaskPlaceOnEventList                    0x080053d9   Thumb Code    44  tasks.o(i.vTaskPlaceOnEventList)
    vTaskPlaceOnEventListRestricted          0x0800542d   Thumb Code    52  tasks.o(i.vTaskPlaceOnEventListRestricted)
    vTaskPriorityInherit                     0x08005489   Thumb Code   124  tasks.o(i.vTaskPriorityInherit)
    vTaskSetTimeOutState                     0x0800550d   Thumb Code    30  tasks.o(i.vTaskSetTimeOutState)
    vTaskStartScheduler                      0x08005555   Thumb Code    96  tasks.o(i.vTaskStartScheduler)
    vTaskSuspendAll                          0x080055e9   Thumb Code    10  tasks.o(i.vTaskSuspendAll)
    vTaskSwitchContext                       0x080055f9   Thumb Code    80  tasks.o(i.vTaskSwitchContext)
    xPortStartScheduler                      0x08005675   Thumb Code   196  port.o(i.xPortStartScheduler)
    xPortSysTickHandler                      0x08005789   Thumb Code    38  port.o(i.xPortSysTickHandler)
    xQueueGenericCreate                      0x080057b5   Thumb Code    82  queue.o(i.xQueueGenericCreate)
    xQueueGenericReceive                     0x0800582d   Thumb Code   348  queue.o(i.xQueueGenericReceive)
    xQueueGenericReset                       0x080059b1   Thumb Code   128  queue.o(i.xQueueGenericReset)
    xQueueGenericSend                        0x08005a59   Thumb Code   350  queue.o(i.xQueueGenericSend)
    xQueueGenericSendFromISR                 0x08005be1   Thumb Code   188  queue.o(i.xQueueGenericSendFromISR)
    xTaskCheckForTimeOut                     0x08005cc1   Thumb Code    94  tasks.o(i.xTaskCheckForTimeOut)
    xTaskCreate                              0x08005d49   Thumb Code    86  tasks.o(i.xTaskCreate)
    xTaskGetSchedulerState                   0x08005da1   Thumb Code    22  tasks.o(i.xTaskGetSchedulerState)
    xTaskGetTickCount                        0x08005dbd   Thumb Code     6  tasks.o(i.xTaskGetTickCount)
    xTaskIncrementTick                       0x08005dc9   Thumb Code   188  tasks.o(i.xTaskIncrementTick)
    xTaskPriorityDisinherit                  0x08005eb1   Thumb Code   136  tasks.o(i.xTaskPriorityDisinherit)
    xTaskRemoveFromEventList                 0x08005f65   Thumb Code   102  tasks.o(i.xTaskRemoveFromEventList)
    xTaskResumeAll                           0x08005ffd   Thumb Code   180  tasks.o(i.xTaskResumeAll)
    xTimerCreate                             0x080060e1   Thumb Code    74  timers.o(i.xTimerCreate)
    xTimerCreateTimerTask                    0x08006155   Thumb Code    58  timers.o(i.xTimerCreateTimerTask)
    xTimerGenericCommand                     0x080061c9   Thumb Code    98  timers.o(i.xTimerGenericCommand)
    __aeabi_d2f                              0x08006259   Thumb Code     0  d2f.o(x$fpl$d2f)
    _d2f                                     0x08006259   Thumb Code    98  d2f.o(x$fpl$d2f)
    __aeabi_dadd                             0x080062bd   Thumb Code     0  daddsub_clz.o(x$fpl$dadd)
    _dadd                                    0x080062bd   Thumb Code   332  daddsub_clz.o(x$fpl$dadd)
    __aeabi_i2d                              0x0800640d   Thumb Code     0  dflt_clz.o(x$fpl$dflt)
    _dflt                                    0x0800640d   Thumb Code    46  dflt_clz.o(x$fpl$dflt)
    __aeabi_ui2d                             0x0800643b   Thumb Code     0  dflt_clz.o(x$fpl$dfltu)
    _dfltu                                   0x0800643b   Thumb Code    38  dflt_clz.o(x$fpl$dfltu)
    __aeabi_dmul                             0x08006461   Thumb Code     0  dmul.o(x$fpl$dmul)
    _dmul                                    0x08006461   Thumb Code   332  dmul.o(x$fpl$dmul)
    __fpl_dnaninf                            0x080065b5   Thumb Code   156  dnaninf.o(x$fpl$dnaninf)
    __fpl_dretinf                            0x08006651   Thumb Code    12  dretinf.o(x$fpl$dretinf)
    __aeabi_dsub                             0x0800665d   Thumb Code     0  daddsub_clz.o(x$fpl$dsub)
    _dsub                                    0x0800665d   Thumb Code   464  daddsub_clz.o(x$fpl$dsub)
    _fp_init                                 0x08006831   Thumb Code    10  fpinit.o(x$fpl$fpinit)
    __fplib_config_fpu_vfp                   0x08006839   Thumb Code     0  fpinit.o(x$fpl$fpinit)
    __fplib_config_pureend_doubles           0x08006839   Thumb Code     0  fpinit.o(x$fpl$fpinit)
    __fpl_fretinf                            0x0800683b   Thumb Code    10  fretinf.o(x$fpl$fretinf)
    __I$use$fp                               0x08006844   Number         0  usenofp.o(x$fpl$usenofp)
    oled_asc2_1206                           0x08006844   Data        1140  oled.o(.constdata)
    oled_asc2_1608                           0x08006cb8   Data        1520  oled.o(.constdata)
    cfont16                                  0x080072a8   Data        3434  oled.o(.constdata)
    cfont12                                  0x08008012   Data         598  oled.o(.constdata)
    Region$$Table$$Base                      0x08008268   Number         0  anon$$obj.o(Region$$Table)
    Region$$Table$$Limit                     0x08008288   Number         0  anon$$obj.o(Region$$Table)
    StartTask_Handler                        0x20000000   Data           4  main.o(.data)
    SystemCoreClock                          0x20000004   Data           4  system_stm32f4xx.o(.data)
    AHBPrescTable                            0x20000008   Data          16  system_stm32f4xx.o(.data)
    Voltage                                  0x20000018   Data           4  adc.o(.data)
    Voltage_All                              0x2000001c   Data           4  adc.o(.data)
    Led_Count                                0x20000034   Data           4  led.o(.data)
    __stdout                                 0x20000048   Data           4  usart.o(.data)
    pxCurrentTCB                             0x2000005c   Data           4  tasks.o(.data)
    Flag_Stop                                0x200000d0   Data           1  system.o(.data)
    Car_Mode                                 0x200000d1   Data           1  system.o(.data)
    RC_Velocity                              0x200000d4   Data           4  system.o(.data)
    Brush_Flag                               0x200000d8   Data           4  system.o(.data)
    Step_Num                                 0x200000dc   Data           4  system.o(.data)
    Sprayer_Flag                             0x200000e0   Data           4  system.o(.data)
    Guangdian_Flag                           0x200000e4   Data           4  system.o(.data)
    Velocity_KP                              0x200000e8   Data           4  system.o(.data)
    Velocity_KI                              0x200000ec   Data           4  system.o(.data)
    APP_ON_Flag                              0x200000f0   Data           1  system.o(.data)
    Flag_Direction                           0x200000f1   Data           1  system.o(.data)
    Divisor_Mode                             0x200000f4   Data           4  system.o(.data)
    Move_X                                   0x200000f8   Data           4  system.o(.data)
    Move_Y                                   0x200000fc   Data           4  system.o(.data)
    Move_Z                                   0x20000100   Data           4  system.o(.data)
    Encoder_precision                        0x20000104   Data           4  system.o(.data)
    Wheel_perimeter                          0x20000108   Data           4  system.o(.data)
    Wheel_spacing                            0x2000010c   Data           4  system.o(.data)
    Axle_spacing                             0x20000110   Data           4  system.o(.data)
    Usart1_ON_Flag                           0x20000114   Data           1  system.o(.data)
    Usart5_ON_Flag                           0x20000115   Data           1  system.o(.data)
    Flag_Left                                0x20000116   Data           1  system.o(.data)
    Flag_Right                               0x20000117   Data           1  system.o(.data)
    Turn_Flag                                0x20000118   Data           1  system.o(.data)
    POT_val                                  0x2000011c   Data           4  system.o(.data)
    Time_count                               0x20000120   Data           4  balance.o(.data)
    Buzzer_count1                            0x20000124   Data           4  balance.o(.data)
    Step_Flag                                0x20000128   Data           4  balance.o(.data)
    Down_flag                                0x2000012c   Data           4  balance.o(.data)
    Last_Brush_Flag                          0x20000130   Data           4  balance.o(.data)
    command_lost_count                       0x20000164   Data           1  balance.o(.data)
    Buzzer_count                             0x2000016c   Data           4  show.o(.data)
    Voltage_Show                             0x2000017c   Data           4  show.o(.data)
    Deviation_Count                          0x20000180   Data           4  mpu6050.o(.data)
    gyro                                     0x20000184   Data           6  mpu6050.o(.data)
    accel                                    0x2000018a   Data           6  mpu6050.o(.data)
    Deviation_gyro                           0x20000190   Data           6  mpu6050.o(.data)
    Original_gyro                            0x20000196   Data           6  mpu6050.o(.data)
    Deviation_accel                          0x2000019c   Data           6  mpu6050.o(.data)
    Original_accel                           0x200001a2   Data           6  mpu6050.o(.data)
    OLED_GRAM                                0x200001a8   Data        1024  oled.o(.bss)
    Send_Data                                0x200005b4   Data          48  usartx.o(.bss)
    Receive_Data                             0x200005e4   Data          32  usartx.o(.bss)
    xQueueRegistry                           0x20000604   Data          64  queue.o(.bss)
    smooth_control                           0x20005950   Data          12  system.o(.bss)
    MOTOR_A                                  0x2000595c   Data          20  system.o(.bss)
    MOTOR_B                                  0x20005970   Data          20  system.o(.bss)
    MOTOR_C                                  0x20005984   Data          20  system.o(.bss)
    MOTOR_D                                  0x20005998   Data          20  system.o(.bss)
    OriginalEncoder                          0x200059ac   Data          16  balance.o(.bss)
    Robot_Parament                           0x200059bc   Data          20  robot_select_init.o(.bss)
    __libspace_start                         0x200059d0   Data          96  libspace.o(.bss)
    __temporary_stack_top$libspace           0x20005a30   Data           0  libspace.o(.bss)



==============================================================================

Memory Map of the image

  Image Entry point : 0x08000189

  Load Region LR_IROM1 (Base: 0x08000000, Size: 0x00008430, Max: 0x00100000, ABSOLUTE, COMPRESSED[0x000082bc])

    Execution Region ER_IROM1 (Exec base: 0x08000000, Load base: 0x08000000, Size: 0x00008288, Max: 0x00100000, ABSOLUTE)

    Exec Addr    Load Addr    Size         Type   Attr      Idx    E Section Name        Object

    0x08000000   0x08000000   0x00000188   Data   RO         1110    RESET               startup_stm32f40_41xxx.o
    0x08000188   0x08000188   0x00000008   Code   RO         4501  * !!!main             c_w.l(__main.o)
    0x08000190   0x08000190   0x00000034   Code   RO         4702    !!!scatter          c_w.l(__scatter.o)
    0x080001c4   0x080001c4   0x0000005a   Code   RO         4700    !!dczerorl2         c_w.l(__dczerorl2.o)
    0x0800021e   0x0800021e   0x00000002   PAD
    0x08000220   0x08000220   0x0000001c   Code   RO         4704    !!handler_zi        c_w.l(__scatter_zi.o)
    0x0800023c   0x0800023c   0x00000000   Code   RO         4488    .ARM.Collect$$_printf_percent$$00000000  c_w.l(_printf_percent.o)
    0x0800023c   0x0800023c   0x00000006   Code   RO         4486    .ARM.Collect$$_printf_percent$$00000009  c_w.l(_printf_d.o)
    0x08000242   0x08000242   0x00000006   Code   RO         4485    .ARM.Collect$$_printf_percent$$00000014  c_w.l(_printf_s.o)
    0x08000248   0x08000248   0x00000004   Code   RO         4532    .ARM.Collect$$_printf_percent$$00000017  c_w.l(_printf_percent_end.o)
    0x0800024c   0x0800024c   0x00000002   Code   RO         4574    .ARM.Collect$$libinit$$00000000  c_w.l(libinit.o)
    0x0800024e   0x0800024e   0x00000004   Code   RO         4580    .ARM.Collect$$libinit$$00000001  c_w.l(libinit2.o)
    0x08000252   0x08000252   0x00000000   Code   RO         4583    .ARM.Collect$$libinit$$00000004  c_w.l(libinit2.o)
    0x08000252   0x08000252   0x00000000   Code   RO         4586    .ARM.Collect$$libinit$$0000000A  c_w.l(libinit2.o)
    0x08000252   0x08000252   0x00000000   Code   RO         4588    .ARM.Collect$$libinit$$0000000C  c_w.l(libinit2.o)
    0x08000252   0x08000252   0x00000000   Code   RO         4590    .ARM.Collect$$libinit$$0000000E  c_w.l(libinit2.o)
    0x08000252   0x08000252   0x00000000   Code   RO         4593    .ARM.Collect$$libinit$$00000011  c_w.l(libinit2.o)
    0x08000252   0x08000252   0x00000000   Code   RO         4595    .ARM.Collect$$libinit$$00000013  c_w.l(libinit2.o)
    0x08000252   0x08000252   0x00000000   Code   RO         4597    .ARM.Collect$$libinit$$00000015  c_w.l(libinit2.o)
    0x08000252   0x08000252   0x00000000   Code   RO         4599    .ARM.Collect$$libinit$$00000017  c_w.l(libinit2.o)
    0x08000252   0x08000252   0x00000000   Code   RO         4601    .ARM.Collect$$libinit$$00000019  c_w.l(libinit2.o)
    0x08000252   0x08000252   0x00000000   Code   RO         4603    .ARM.Collect$$libinit$$0000001B  c_w.l(libinit2.o)
    0x08000252   0x08000252   0x00000000   Code   RO         4605    .ARM.Collect$$libinit$$0000001D  c_w.l(libinit2.o)
    0x08000252   0x08000252   0x00000000   Code   RO         4607    .ARM.Collect$$libinit$$0000001F  c_w.l(libinit2.o)
    0x08000252   0x08000252   0x00000000   Code   RO         4609    .ARM.Collect$$libinit$$00000021  c_w.l(libinit2.o)
    0x08000252   0x08000252   0x00000000   Code   RO         4611    .ARM.Collect$$libinit$$00000023  c_w.l(libinit2.o)
    0x08000252   0x08000252   0x00000000   Code   RO         4613    .ARM.Collect$$libinit$$00000025  c_w.l(libinit2.o)
    0x08000252   0x08000252   0x00000000   Code   RO         4617    .ARM.Collect$$libinit$$0000002C  c_w.l(libinit2.o)
    0x08000252   0x08000252   0x00000000   Code   RO         4619    .ARM.Collect$$libinit$$0000002E  c_w.l(libinit2.o)
    0x08000252   0x08000252   0x00000000   Code   RO         4621    .ARM.Collect$$libinit$$00000030  c_w.l(libinit2.o)
    0x08000252   0x08000252   0x00000000   Code   RO         4623    .ARM.Collect$$libinit$$00000032  c_w.l(libinit2.o)
    0x08000252   0x08000252   0x00000002   Code   RO         4624    .ARM.Collect$$libinit$$00000033  c_w.l(libinit2.o)
    0x08000254   0x08000254   0x00000002   Code   RO         4642    .ARM.Collect$$libshutdown$$00000000  c_w.l(libshutdown.o)
    0x08000256   0x08000256   0x00000000   Code   RO         4652    .ARM.Collect$$libshutdown$$00000002  c_w.l(libshutdown2.o)
    0x08000256   0x08000256   0x00000000   Code   RO         4654    .ARM.Collect$$libshutdown$$00000004  c_w.l(libshutdown2.o)
    0x08000256   0x08000256   0x00000000   Code   RO         4657    .ARM.Collect$$libshutdown$$00000007  c_w.l(libshutdown2.o)
    0x08000256   0x08000256   0x00000000   Code   RO         4660    .ARM.Collect$$libshutdown$$0000000A  c_w.l(libshutdown2.o)
    0x08000256   0x08000256   0x00000000   Code   RO         4662    .ARM.Collect$$libshutdown$$0000000C  c_w.l(libshutdown2.o)
    0x08000256   0x08000256   0x00000000   Code   RO         4665    .ARM.Collect$$libshutdown$$0000000F  c_w.l(libshutdown2.o)
    0x08000256   0x08000256   0x00000002   Code   RO         4666    .ARM.Collect$$libshutdown$$00000010  c_w.l(libshutdown2.o)
    0x08000258   0x08000258   0x00000000   Code   RO         4521    .ARM.Collect$$rtentry$$00000000  c_w.l(__rtentry.o)
    0x08000258   0x08000258   0x00000000   Code   RO         4545    .ARM.Collect$$rtentry$$00000002  c_w.l(__rtentry2.o)
    0x08000258   0x08000258   0x00000006   Code   RO         4557    .ARM.Collect$$rtentry$$00000004  c_w.l(__rtentry4.o)
    0x0800025e   0x0800025e   0x00000000   Code   RO         4547    .ARM.Collect$$rtentry$$00000009  c_w.l(__rtentry2.o)
    0x0800025e   0x0800025e   0x00000004   Code   RO         4548    .ARM.Collect$$rtentry$$0000000A  c_w.l(__rtentry2.o)
    0x08000262   0x08000262   0x00000000   Code   RO         4550    .ARM.Collect$$rtentry$$0000000C  c_w.l(__rtentry2.o)
    0x08000262   0x08000262   0x00000008   Code   RO         4551    .ARM.Collect$$rtentry$$0000000D  c_w.l(__rtentry2.o)
    0x0800026a   0x0800026a   0x00000002   Code   RO         4578    .ARM.Collect$$rtexit$$00000000  c_w.l(rtexit.o)
    0x0800026c   0x0800026c   0x00000000   Code   RO         4626    .ARM.Collect$$rtexit$$00000002  c_w.l(rtexit2.o)
    0x0800026c   0x0800026c   0x00000004   Code   RO         4627    .ARM.Collect$$rtexit$$00000003  c_w.l(rtexit2.o)
    0x08000270   0x08000270   0x00000006   Code   RO         4628    .ARM.Collect$$rtexit$$00000004  c_w.l(rtexit2.o)
    0x08000276   0x08000276   0x00000002   PAD
    0x08000278   0x08000278   0x000000b6   Code   RO         3812    .emb_text           port.o
    0x0800032e   0x0800032e   0x00000002   PAD
    0x08000330   0x08000330   0x00000040   Code   RO         1111    .text               startup_stm32f40_41xxx.o
    0x08000370   0x08000370   0x00000002   Code   RO         4448    .text               c_w.l(use_no_semi_2.o)
    0x08000372   0x08000372   0x00000002   PAD
    0x08000374   0x08000374   0x00000018   Code   RO         4454    .text               c_w.l(noretval__2printf.o)
    0x0800038c   0x0800038c   0x00000068   Code   RO         4458    .text               c_w.l(__printf.o)
    0x080003f4   0x080003f4   0x00000052   Code   RO         4460    .text               c_w.l(_printf_str.o)
    0x08000446   0x08000446   0x00000002   PAD
    0x08000448   0x08000448   0x00000078   Code   RO         4462    .text               c_w.l(_printf_dec.o)
    0x080004c0   0x080004c0   0x0000008a   Code   RO         4493    .text               c_w.l(rt_memcpy_v6.o)
    0x0800054a   0x0800054a   0x00000010   Code   RO         4495    .text               c_w.l(aeabi_memset.o)
    0x0800055a   0x0800055a   0x00000044   Code   RO         4497    .text               c_w.l(rt_memclr.o)
    0x0800059e   0x0800059e   0x00000006   Code   RO         4499    .text               c_w.l(heapauxi.o)
    0x080005a4   0x080005a4   0x00000002   Code   RO         4519    .text               c_w.l(use_no_semi.o)
    0x080005a6   0x080005a6   0x000000b2   Code   RO         4522    .text               c_w.l(_printf_intcommon.o)
    0x08000658   0x08000658   0x00000030   Code   RO         4524    .text               c_w.l(_printf_char_common.o)
    0x08000688   0x08000688   0x0000002c   Code   RO         4528    .text               c_w.l(_printf_char.o)
    0x080006b4   0x080006b4   0x00000024   Code   RO         4530    .text               c_w.l(_printf_char_file.o)
    0x080006d8   0x080006d8   0x00000064   Code   RO         4533    .text               c_w.l(rt_memcpy_w.o)
    0x0800073c   0x0800073c   0x0000004e   Code   RO         4535    .text               c_w.l(rt_memclr_w.o)
    0x0800078a   0x0800078a   0x00000008   Code   RO         4561    .text               c_w.l(ferror.o)
    0x08000792   0x08000792   0x0000004a   Code   RO         4565    .text               c_w.l(sys_stackheap_outer.o)
    0x080007dc   0x080007dc   0x00000012   Code   RO         4567    .text               c_w.l(exit.o)
    0x080007ee   0x080007ee   0x00000002   PAD
    0x080007f0   0x080007f0   0x00000008   Code   RO         4575    .text               c_w.l(libspace.o)
    0x080007f8   0x080007f8   0x00000014   Code   RO         1843    i.ADC_Cmd           stm32f4xx_adc.o
    0x0800080c   0x0800080c   0x0000002c   Code   RO         1844    i.ADC_CommonInit    stm32f4xx_adc.o
    0x08000838   0x08000838   0x00000006   Code   RO         1855    i.ADC_GetConversionValue  stm32f4xx_adc.o
    0x0800083e   0x0800083e   0x0000000e   Code   RO         1856    i.ADC_GetFlagStatus  stm32f4xx_adc.o
    0x0800084c   0x0800084c   0x0000004c   Code   RO         1863    i.ADC_Init          stm32f4xx_adc.o
    0x08000898   0x08000898   0x00000074   Code   RO         1868    i.ADC_RegularChannelConfig  stm32f4xx_adc.o
    0x0800090c   0x0800090c   0x0000000a   Code   RO         1870    i.ADC_SoftwareStartConv  stm32f4xx_adc.o
    0x08000916   0x08000916   0x00000002   PAD
    0x08000918   0x08000918   0x00000064   Code   RO         4183    i.APP_Show          show.o
    0x0800097c   0x0800097c   0x00000080   Code   RO          375    i.Adc_Init          adc.o
    0x080009fc   0x080009fc   0x00000080   Code   RO          376    i.Adc_POWER_Init    adc.o
    0x08000a7c   0x08000a7c   0x00000154   Code   RO         4024    i.Balance_task      balance.o
    0x08000bd0   0x08000bd0   0x000000c0   Code   RO         4025    i.Brush_Control     balance.o
    0x08000c90   0x08000c90   0x00000002   Code   RO          259    i.BusFault_Handler  stm32f4xx_it.o
    0x08000c92   0x08000c92   0x00000002   PAD
    0x08000c94   0x08000c94   0x00000034   Code   RO          559    i.Buzzer_Init       led.o
    0x08000cc8   0x08000cc8   0x00000038   Code   RO          823    i.Check_Sum         usartx.o
    0x08000d00   0x08000d00   0x00000002   Code   RO          260    i.DebugMon_Handler  stm32f4xx_it.o
    0x08000d02   0x08000d02   0x00000002   PAD
    0x08000d04   0x08000d04   0x000000d4   Code   RO         4026    i.Drive_Motor       balance.o
    0x08000dd8   0x08000dd8   0x00000030   Code   RO          603    i.Enable_Pin        motor.o
    0x08000e08   0x08000e08   0x000000dc   Code   RO          434    i.Encoder_Init_TIM2  encoder.o
    0x08000ee4   0x08000ee4   0x000000bc   Code   RO          435    i.Encoder_Init_TIM3  encoder.o
    0x08000fa0   0x08000fa0   0x000000bc   Code   RO          436    i.Encoder_Init_TIM4  encoder.o
    0x0800105c   0x0800105c   0x000000bc   Code   RO          437    i.Encoder_Init_TIM5  encoder.o
    0x08001118   0x08001118   0x00000058   Code   RO          604    i.Equipment_init    motor.o
    0x08001170   0x08001170   0x00000078   Code   RO         1162    i.GPIO_Init         stm32f4xx_gpio.o
    0x080011e8   0x080011e8   0x00000020   Code   RO         1163    i.GPIO_PinAFConfig  stm32f4xx_gpio.o
    0x08001208   0x08001208   0x0000000e   Code   RO         1166    i.GPIO_ReadInputDataBit  stm32f4xx_gpio.o
    0x08001216   0x08001216   0x00000004   Code   RO         1169    i.GPIO_ResetBits    stm32f4xx_gpio.o
    0x0800121a   0x0800121a   0x00000004   Code   RO         1170    i.GPIO_SetBits      stm32f4xx_gpio.o
    0x0800121e   0x0800121e   0x00000002   PAD
    0x08001220   0x08001220   0x00000030   Code   RO          377    i.Get_Adc           adc.o
    0x08001250   0x08001250   0x00000030   Code   RO          378    i.Get_Adc2          adc.o
    0x08001280   0x08001280   0x000000fc   Code   RO         4027    i.Get_RC            balance.o
    0x0800137c   0x0800137c   0x000000c4   Code   RO         4028    i.Get_Velocity_Form_Encoder  balance.o
    0x08001440   0x08001440   0x0000002e   Code   RO          379    i.Get_adc_Average   adc.o
    0x0800146e   0x0800146e   0x00000002   PAD
    0x08001470   0x08001470   0x00000068   Code   RO          380    i.Get_battery_volt  adc.o
    0x080014d8   0x080014d8   0x00000002   Code   RO          261    i.HardFault_Handler  stm32f4xx_it.o
    0x080014da   0x080014da   0x00000002   PAD
    0x080014dc   0x080014dc   0x00000040   Code   RO         4346    i.I2C_Ack           i2c.o
    0x0800151c   0x0800151c   0x00000044   Code   RO         4347    i.I2C_GPIOInit      i2c.o
    0x08001560   0x08001560   0x00000040   Code   RO         4348    i.I2C_NAck          i2c.o
    0x080015a0   0x080015a0   0x00000070   Code   RO         4350    i.I2C_ReadByte      i2c.o
    0x08001610   0x08001610   0x0000003e   Code   RO         4351    i.I2C_ReadOneByte   i2c.o
    0x0800164e   0x0800164e   0x00000002   PAD
    0x08001650   0x08001650   0x00000050   Code   RO         4352    i.I2C_Start         i2c.o
    0x080016a0   0x080016a0   0x00000040   Code   RO         4353    i.I2C_Stop          i2c.o
    0x080016e0   0x080016e0   0x00000054   Code   RO         4354    i.I2C_WaiteForAck   i2c.o
    0x08001734   0x08001734   0x0000004a   Code   RO         4355    i.I2C_WriteBits     i2c.o
    0x0800177e   0x0800177e   0x00000002   PAD
    0x08001780   0x08001780   0x00000060   Code   RO         4357    i.I2C_WriteByte     i2c.o
    0x080017e0   0x080017e0   0x00000032   Code   RO         4359    i.I2C_WriteOneByte  i2c.o
    0x08001812   0x08001812   0x00000002   PAD
    0x08001814   0x08001814   0x0000007c   Code   RO         4029    i.Incremental_PI_A  balance.o
    0x08001890   0x08001890   0x0000007c   Code   RO         4030    i.Incremental_PI_B  balance.o
    0x0800190c   0x0800190c   0x0000007c   Code   RO         4031    i.Incremental_PI_C  balance.o
    0x08001988   0x08001988   0x0000007c   Code   RO         4032    i.Incremental_PI_D  balance.o
    0x08001a04   0x08001a04   0x0000002c   Code   RO          509    i.KEY_Init          key.o
    0x08001a30   0x08001a30   0x00000038   Code   RO         4033    i.Key               balance.o
    0x08001a68   0x08001a68   0x00000040   Code   RO          560    i.LED_Init          led.o
    0x08001aa8   0x08001aa8   0x00000090   Code   RO         4034    i.Limit_Pwm         balance.o
    0x08001b38   0x08001b38   0x00000032   Code   RO         4221    i.MPU6050_Set_LPF   mpu6050.o
    0x08001b6a   0x08001b6a   0x00000030   Code   RO         4222    i.MPU6050_Set_Rate  mpu6050.o
    0x08001b9a   0x08001b9a   0x00000084   Code   RO         4224    i.MPU6050_initialize  mpu6050.o
    0x08001c1e   0x08001c1e   0x00000012   Code   RO         4227    i.MPU6050_setFullScaleAccelRange  mpu6050.o
    0x08001c30   0x08001c30   0x00000012   Code   RO         4228    i.MPU6050_setFullScaleGyroRange  mpu6050.o
    0x08001c42   0x08001c42   0x00000002   PAD
    0x08001c44   0x08001c44   0x00000040   Code   RO         4232    i.MPU6050_task      mpu6050.o
    0x08001c84   0x08001c84   0x00000088   Code   RO         4234    i.MPU_Get_Accelscope  mpu6050.o
    0x08001d0c   0x08001d0c   0x000000a4   Code   RO         4235    i.MPU_Get_Gyroscope  mpu6050.o
    0x08001db0   0x08001db0   0x00000002   Code   RO          262    i.MemManage_Handler  stm32f4xx_it.o
    0x08001db2   0x08001db2   0x00000002   Code   RO          263    i.NMI_Handler       stm32f4xx_it.o
    0x08001db4   0x08001db4   0x00000064   Code   RO         1117    i.NVIC_Init         misc.o
    0x08001e18   0x08001e18   0x00000014   Code   RO         1118    i.NVIC_PriorityGroupConfig  misc.o
    0x08001e2c   0x08001e2c   0x0000002c   Code   RO          653    i.OLED_Clear        oled.o
    0x08001e58   0x08001e58   0x0000003c   Code   RO          656    i.OLED_DrawPoint    oled.o
    0x08001e94   0x08001e94   0x00000130   Code   RO          658    i.OLED_Init         oled.o
    0x08001fc4   0x08001fc4   0x00000048   Code   RO          659    i.OLED_Refresh_Gram  oled.o
    0x0800200c   0x0800200c   0x00000084   Code   RO          663    i.OLED_ShowChar     oled.o
    0x08002090   0x08002090   0x00000078   Code   RO          666    i.OLED_ShowNumber   oled.o
    0x08002108   0x08002108   0x0000003e   Code   RO          667    i.OLED_ShowString   oled.o
    0x08002146   0x08002146   0x00000002   PAD
    0x08002148   0x08002148   0x00000044   Code   RO          670    i.OLED_WR_Byte      oled.o
    0x0800218c   0x0800218c   0x0000000c   Code   RO         2789    i.PWR_BackupAccessCmd  stm32f4xx_pwr.o
    0x08002198   0x08002198   0x00000018   Code   RO         1259    i.RCC_AHB1PeriphClockCmd  stm32f4xx_rcc.o
    0x080021b0   0x080021b0   0x00000018   Code   RO         1268    i.RCC_APB1PeriphClockCmd  stm32f4xx_rcc.o
    0x080021c8   0x080021c8   0x00000018   Code   RO         1271    i.RCC_APB2PeriphClockCmd  stm32f4xx_rcc.o
    0x080021e0   0x080021e0   0x00000018   Code   RO         1273    i.RCC_APB2PeriphResetCmd  stm32f4xx_rcc.o
    0x080021f8   0x080021f8   0x00000090   Code   RO         1280    i.RCC_GetClocksFreq  stm32f4xx_rcc.o
    0x08002288   0x08002288   0x0000001c   Code   RO         1289    i.RCC_LSEConfig     stm32f4xx_rcc.o
    0x080022a4   0x080022a4   0x00000040   Code   RO          438    i.Read_Encoder      encoder.o
    0x080022e4   0x080022e4   0x00000088   Code   RO         4154    i.Robot_Init        robot_select_init.o
    0x0800236c   0x0800236c   0x00000064   Code   RO         4155    i.Robot_Select      robot_select_init.o
    0x080023d0   0x080023d0   0x000000b4   Code   RO          338    i.SetSysClock       system_stm32f4xx.o
    0x08002484   0x08002484   0x00000074   Code   RO         4035    i.Set_Pwm           balance.o
    0x080024f8   0x080024f8   0x00000140   Code   RO         4036    i.Smooth_control    balance.o
    0x08002638   0x08002638   0x00000018   Code   RO         1121    i.SysTick_CLKSourceConfig  misc.o
    0x08002650   0x08002650   0x00000014   Code   RO          989    i.SysTick_Handler   delay.o
    0x08002664   0x08002664   0x0000005c   Code   RO          340    i.SystemInit        system_stm32f4xx.o
    0x080026c0   0x080026c0   0x0000002e   Code   RO         2242    i.TI1_Config        stm32f4xx_tim.o
    0x080026ee   0x080026ee   0x00000036   Code   RO         2243    i.TI2_Config        stm32f4xx_tim.o
    0x08002724   0x08002724   0x000000a0   Code   RO          605    i.TIM10_PWM_Init    motor.o
    0x080027c4   0x080027c4   0x000000a8   Code   RO          606    i.TIM11_PWM_Init    motor.o
    0x0800286c   0x0800286c   0x000000d4   Code   RO          791    i.TIM12_SERVO_Init  timer.o
    0x08002940   0x08002940   0x000000f8   Code   RO          607    i.TIM1_PWM_Init     motor.o
    0x08002a38   0x08002a38   0x00000010   Code   RO          439    i.TIM2_IRQHandler   encoder.o
    0x08002a48   0x08002a48   0x00000014   Code   RO          440    i.TIM3_IRQHandler   encoder.o
    0x08002a5c   0x08002a5c   0x00000014   Code   RO          441    i.TIM4_IRQHandler   encoder.o
    0x08002a70   0x08002a70   0x00000014   Code   RO          442    i.TIM5_IRQHandler   encoder.o
    0x08002a84   0x08002a84   0x00000054   Code   RO          443    i.TIM8_BRK_TIM12_IRQHandler  encoder.o
    0x08002ad8   0x08002ad8   0x000000f4   Code   RO          792    i.TIM8_SERVO_Init   timer.o
    0x08002bcc   0x08002bcc   0x00000010   Code   RO          793    i.TIM8_UP_TIM13_IRQHandler  timer.o
    0x08002bdc   0x08002bdc   0x000000b8   Code   RO          608    i.TIM9_PWM_Init     motor.o
    0x08002c94   0x08002c94   0x00000014   Code   RO         2244    i.TIM_ARRPreloadConfig  stm32f4xx_tim.o
    0x08002ca8   0x08002ca8   0x00000006   Code   RO         2250    i.TIM_ClearFlag     stm32f4xx_tim.o
    0x08002cae   0x08002cae   0x00000006   Code   RO         2251    i.TIM_ClearITPendingBit  stm32f4xx_tim.o
    0x08002cb4   0x08002cb4   0x00000014   Code   RO         2256    i.TIM_Cmd           stm32f4xx_tim.o
    0x08002cc8   0x08002cc8   0x00000016   Code   RO         2258    i.TIM_CtrlPWMOutputs  stm32f4xx_tim.o
    0x08002cde   0x08002cde   0x00000032   Code   RO         2265    i.TIM_EncoderInterfaceConfig  stm32f4xx_tim.o
    0x08002d10   0x08002d10   0x00000018   Code   RO         2277    i.TIM_GetITStatus   stm32f4xx_tim.o
    0x08002d28   0x08002d28   0x000000ac   Code   RO         2279    i.TIM_ICInit        stm32f4xx_tim.o
    0x08002dd4   0x08002dd4   0x00000010   Code   RO         2280    i.TIM_ICStructInit  stm32f4xx_tim.o
    0x08002de4   0x08002de4   0x00000010   Code   RO         2281    i.TIM_ITConfig      stm32f4xx_tim.o
    0x08002df4   0x08002df4   0x00000060   Code   RO         2285    i.TIM_OC1Init       stm32f4xx_tim.o
    0x08002e54   0x08002e54   0x0000000c   Code   RO         2288    i.TIM_OC1PreloadConfig  stm32f4xx_tim.o
    0x08002e60   0x08002e60   0x00000080   Code   RO         2290    i.TIM_OC2Init       stm32f4xx_tim.o
    0x08002ee0   0x08002ee0   0x00000014   Code   RO         2293    i.TIM_OC2PreloadConfig  stm32f4xx_tim.o
    0x08002ef4   0x08002ef4   0x0000007c   Code   RO         2295    i.TIM_OC3Init       stm32f4xx_tim.o
    0x08002f70   0x08002f70   0x0000000c   Code   RO         2298    i.TIM_OC3PreloadConfig  stm32f4xx_tim.o
    0x08002f7c   0x08002f7c   0x00000060   Code   RO         2300    i.TIM_OC4Init       stm32f4xx_tim.o
    0x08002fdc   0x08002fdc   0x00000014   Code   RO         2302    i.TIM_OC4PreloadConfig  stm32f4xx_tim.o
    0x08002ff0   0x08002ff0   0x00000004   Code   RO         2322    i.TIM_SetCounter    stm32f4xx_tim.o
    0x08002ff4   0x08002ff4   0x00000010   Code   RO         2323    i.TIM_SetIC1Prescaler  stm32f4xx_tim.o
    0x08003004   0x08003004   0x00000018   Code   RO         2324    i.TIM_SetIC2Prescaler  stm32f4xx_tim.o
    0x0800301c   0x0800301c   0x00000010   Code   RO         2325    i.TIM_SetIC3Prescaler  stm32f4xx_tim.o
    0x0800302c   0x0800302c   0x00000018   Code   RO         2326    i.TIM_SetIC4Prescaler  stm32f4xx_tim.o
    0x08003044   0x08003044   0x0000007c   Code   RO         2328    i.TIM_TimeBaseInit  stm32f4xx_tim.o
    0x080030c0   0x080030c0   0x00000012   Code   RO         2329    i.TIM_TimeBaseStructInit  stm32f4xx_tim.o
    0x080030d2   0x080030d2   0x00000002   PAD
    0x080030d4   0x080030d4   0x00000050   Code   RO         4037    i.Turn_Off          balance.o
    0x08003124   0x08003124   0x000000c0   Code   RO          825    i.UART5_IRQHandler  usartx.o
    0x080031e4   0x080031e4   0x000000d0   Code   RO          826    i.USART1_IRQHandler  usartx.o
    0x080032b4   0x080032b4   0x0000001c   Code   RO          827    i.USART1_SEND       usartx.o
    0x080032d0   0x080032d0   0x0000013c   Code   RO          828    i.USART2_IRQHandler  usartx.o
    0x0800340c   0x0800340c   0x000000c8   Code   RO          829    i.USART3_IRQHandler  usartx.o
    0x080034d4   0x080034d4   0x0000001c   Code   RO          831    i.USART3_SEND       usartx.o
    0x080034f0   0x080034f0   0x0000001c   Code   RO          832    i.USART5_SEND       usartx.o
    0x0800350c   0x0800350c   0x00000014   Code   RO         1653    i.USART_Cmd         stm32f4xx_usart.o
    0x08003520   0x08003520   0x0000003e   Code   RO         1657    i.USART_GetITStatus  stm32f4xx_usart.o
    0x0800355e   0x0800355e   0x00000030   Code   RO         1659    i.USART_ITConfig    stm32f4xx_usart.o
    0x0800358e   0x0800358e   0x00000002   PAD
    0x08003590   0x08003590   0x000000ac   Code   RO         1660    i.USART_Init        stm32f4xx_usart.o
    0x0800363c   0x0800363c   0x00000008   Code   RO         1667    i.USART_ReceiveData  stm32f4xx_usart.o
    0x08003644   0x08003644   0x00000002   Code   RO          264    i.UsageFault_Handler  stm32f4xx_it.o
    0x08003646   0x08003646   0x00000002   PAD
    0x08003648   0x08003648   0x00000054   Code   RO          833    i.XYZ_Target_Speed_transition  usartx.o
    0x0800369c   0x0800369c   0x00000002   Code   RO         1063    i._sys_exit         usart.o
    0x0800369e   0x0800369e   0x00000002   PAD
    0x080036a0   0x080036a0   0x00000094   Code   RO          513    i.click_N_Double_MPU6050  key.o
    0x08003734   0x08003734   0x00000022   Code   RO          834    i.data_task         usartx.o
    0x08003756   0x08003756   0x00000002   PAD
    0x08003758   0x08003758   0x000001a4   Code   RO          835    i.data_transition   usartx.o
    0x080038fc   0x080038fc   0x00000038   Code   RO          990    i.delay_init        delay.o
    0x08003934   0x08003934   0x00000038   Code   RO          991    i.delay_ms          delay.o
    0x0800396c   0x0800396c   0x00000034   Code   RO          992    i.delay_us          delay.o
    0x080039a0   0x080039a0   0x00000010   Code   RO         4038    i.float_abs         balance.o
    0x080039b0   0x080039b0   0x00000018   Code   RO         1064    i.fputc             usart.o
    0x080039c8   0x080039c8   0x0000001c   Code   RO          994    i.getSysTickCnt     delay.o
    0x080039e4   0x080039e4   0x00000020   Code   RO          562    i.led_task          led.o
    0x08003a04   0x08003a04   0x00000038   Code   RO            3    i.main              main.o
    0x08003a3c   0x08003a3c   0x00000010   Code   RO          671    i.oled_pow          oled.o
    0x08003a4c   0x08003a4c   0x00000454   Code   RO         4184    i.oled_show         show.o
    0x08003ea0   0x08003ea0   0x00000070   Code   RO         3331    i.prvAddCurrentTaskToDelayedList  tasks.o
    0x08003f10   0x08003f10   0x000000d0   Code   RO         3332    i.prvAddNewTaskToReadyList  tasks.o
    0x08003fe0   0x08003fe0   0x00000050   Code   RO         3684    i.prvCheckForValidListAndQueue  timers.o
    0x08004030   0x08004030   0x00000054   Code   RO         3333    i.prvCheckTasksWaitingTermination  tasks.o
    0x08004084   0x08004084   0x00000026   Code   RO         3108    i.prvCopyDataFromQueue  queue.o
    0x080040aa   0x080040aa   0x0000006c   Code   RO         3109    i.prvCopyDataToQueue  queue.o
    0x08004116   0x08004116   0x00000014   Code   RO         3334    i.prvDeleteTCB      tasks.o
    0x0800412a   0x0800412a   0x00000002   PAD
    0x0800412c   0x0800412c   0x0000004c   Code   RO         3897    i.prvHeapInit       heap_4.o
    0x08004178   0x08004178   0x00000028   Code   RO         3335    i.prvIdleTask       tasks.o
    0x080041a0   0x080041a0   0x000000c0   Code   RO         3336    i.prvInitialiseNewTask  tasks.o
    0x08004260   0x08004260   0x0000004c   Code   RO         3898    i.prvInsertBlockIntoFreeList  heap_4.o
    0x080042ac   0x080042ac   0x00000038   Code   RO         3685    i.prvInsertTimerInActiveList  timers.o
    0x080042e4   0x080042e4   0x0000001a   Code   RO         3110    i.prvIsQueueEmpty   queue.o
    0x080042fe   0x080042fe   0x00000002   PAD
    0x08004300   0x08004300   0x00000090   Code   RO         3111    i.prvNotifyQueueSetContainer  queue.o
    0x08004390   0x08004390   0x00000060   Code   RO         3686    i.prvProcessExpiredTimer  timers.o
    0x080043f0   0x080043f0   0x000000f0   Code   RO         3687    i.prvProcessReceivedCommands  timers.o
    0x080044e0   0x080044e0   0x0000006c   Code   RO         3688    i.prvProcessTimerOrBlockTask  timers.o
    0x0800454c   0x0800454c   0x00000020   Code   RO         3338    i.prvResetNextTaskUnblockTime  tasks.o
    0x0800456c   0x0800456c   0x00000028   Code   RO         3689    i.prvSampleTimeNow  timers.o
    0x08004594   0x08004594   0x0000006c   Code   RO         3690    i.prvSwitchTimerLists  timers.o
    0x08004600   0x08004600   0x00000064   Code   RO         3813    i.prvTaskExitError  port.o
    0x08004664   0x08004664   0x00000028   Code   RO         3691    i.prvTimerTask      timers.o
    0x0800468c   0x0800468c   0x00000078   Code   RO         3112    i.prvUnlockQueue    queue.o
    0x08004704   0x08004704   0x00000114   Code   RO         3899    i.pvPortMalloc      heap_4.o
    0x08004818   0x08004818   0x00000018   Code   RO         3340    i.pvTaskIncrementMutexHeldCount  tasks.o
    0x08004830   0x08004830   0x0000002c   Code   RO         3814    i.pxPortInitialiseStack  port.o
    0x0800485c   0x0800485c   0x00000128   Code   RO         4185    i.show_task         show.o
    0x08004984   0x08004984   0x000000cc   Code   RO            4    i.start_task        main.o
    0x08004a50   0x08004a50   0x000000ac   Code   RO         3954    i.systemInit        system.o
    0x08004afc   0x08004afc   0x00000020   Code   RO         4040    i.target_limit_float  balance.o
    0x08004b1c   0x08004b1c   0x000000ac   Code   RO          836    i.uart1_init        usartx.o
    0x08004bc8   0x08004bc8   0x000000a8   Code   RO          837    i.uart2_init        usartx.o
    0x08004c70   0x08004c70   0x000000b0   Code   RO          838    i.uart3_init        usartx.o
    0x08004d20   0x08004d20   0x000000a4   Code   RO          839    i.uart4_init        usartx.o
    0x08004dc4   0x08004dc4   0x000000dc   Code   RO          841    i.uart5_init        usartx.o
    0x08004ea0   0x08004ea0   0x00000010   Code   RO          842    i.usart1_send       usartx.o
    0x08004eb0   0x08004eb0   0x00000014   Code   RO          844    i.usart3_send       usartx.o
    0x08004ec4   0x08004ec4   0x00000010   Code   RO          845    i.usart5_send       usartx.o
    0x08004ed4   0x08004ed4   0x00000024   Code   RO         3063    i.uxListRemove      list.o
    0x08004ef8   0x08004ef8   0x00000016   Code   RO         3064    i.vListInitialise   list.o
    0x08004f0e   0x08004f0e   0x00000006   Code   RO         3065    i.vListInitialiseItem  list.o
    0x08004f14   0x08004f14   0x00000030   Code   RO         3066    i.vListInsert       list.o
    0x08004f44   0x08004f44   0x00000018   Code   RO         3067    i.vListInsertEnd    list.o
    0x08004f5c   0x08004f5c   0x00000078   Code   RO         3816    i.vPortEnterCritical  port.o
    0x08004fd4   0x08004fd4   0x00000064   Code   RO         3817    i.vPortExitCritical  port.o
    0x08005038   0x08005038   0x0000009c   Code   RO         3900    i.vPortFree         heap_4.o
    0x080050d4   0x080050d4   0x00000020   Code   RO         3818    i.vPortSetupTimerInterrupt  port.o
    0x080050f4   0x080050f4   0x0000008c   Code   RO         3819    i.vPortValidateInterruptPriority  port.o
    0x08005180   0x08005180   0x00000024   Code   RO         3118    i.vQueueAddToRegistry  queue.o
    0x080051a4   0x080051a4   0x00000044   Code   RO         3122    i.vQueueWaitForMessageRestricted  queue.o
    0x080051e8   0x080051e8   0x0000006c   Code   RO         3348    i.vTaskDelay        tasks.o
    0x08005254   0x08005254   0x000000ac   Code   RO         3349    i.vTaskDelayUntil   tasks.o
    0x08005300   0x08005300   0x000000cc   Code   RO         3350    i.vTaskDelete       tasks.o
    0x080053cc   0x080053cc   0x0000000c   Code   RO         3354    i.vTaskMissedYield  tasks.o
    0x080053d8   0x080053d8   0x00000054   Code   RO         3356    i.vTaskPlaceOnEventList  tasks.o
    0x0800542c   0x0800542c   0x0000005c   Code   RO         3357    i.vTaskPlaceOnEventListRestricted  tasks.o
    0x08005488   0x08005488   0x00000084   Code   RO         3359    i.vTaskPriorityInherit  tasks.o
    0x0800550c   0x0800550c   0x00000048   Code   RO         3363    i.vTaskSetTimeOutState  tasks.o
    0x08005554   0x08005554   0x00000094   Code   RO         3364    i.vTaskStartScheduler  tasks.o
    0x080055e8   0x080055e8   0x00000010   Code   RO         3366    i.vTaskSuspendAll   tasks.o
    0x080055f8   0x080055f8   0x0000007c   Code   RO         3367    i.vTaskSwitchContext  tasks.o
    0x08005674   0x08005674   0x00000114   Code   RO         3820    i.xPortStartScheduler  port.o
    0x08005788   0x08005788   0x0000002c   Code   RO         3821    i.xPortSysTickHandler  port.o
    0x080057b4   0x080057b4   0x00000078   Code   RO         3127    i.xQueueGenericCreate  queue.o
    0x0800582c   0x0800582c   0x00000184   Code   RO         3128    i.xQueueGenericReceive  queue.o
    0x080059b0   0x080059b0   0x000000a8   Code   RO         3129    i.xQueueGenericReset  queue.o
    0x08005a58   0x08005a58   0x00000188   Code   RO         3130    i.xQueueGenericSend  queue.o
    0x08005be0   0x08005be0   0x000000e0   Code   RO         3131    i.xQueueGenericSendFromISR  queue.o
    0x08005cc0   0x08005cc0   0x00000088   Code   RO         3368    i.xTaskCheckForTimeOut  tasks.o
    0x08005d48   0x08005d48   0x00000056   Code   RO         3369    i.xTaskCreate       tasks.o
    0x08005d9e   0x08005d9e   0x00000002   PAD
    0x08005da0   0x08005da0   0x0000001c   Code   RO         3373    i.xTaskGetSchedulerState  tasks.o
    0x08005dbc   0x08005dbc   0x0000000c   Code   RO         3374    i.xTaskGetTickCount  tasks.o
    0x08005dc8   0x08005dc8   0x000000e8   Code   RO         3376    i.xTaskIncrementTick  tasks.o
    0x08005eb0   0x08005eb0   0x000000b4   Code   RO         3379    i.xTaskPriorityDisinherit  tasks.o
    0x08005f64   0x08005f64   0x00000098   Code   RO         3380    i.xTaskRemoveFromEventList  tasks.o
    0x08005ffc   0x08005ffc   0x000000e4   Code   RO         3382    i.xTaskResumeAll    tasks.o
    0x080060e0   0x080060e0   0x00000074   Code   RO         3694    i.xTimerCreate      timers.o
    0x08006154   0x08006154   0x00000074   Code   RO         3695    i.xTimerCreateTimerTask  timers.o
    0x080061c8   0x080061c8   0x00000090   Code   RO         3696    i.xTimerGenericCommand  timers.o
    0x08006258   0x08006258   0x00000062   Code   RO         4503    x$fpl$d2f           fz_wm.l(d2f.o)
    0x080062ba   0x080062ba   0x00000002   PAD
    0x080062bc   0x080062bc   0x00000150   Code   RO         4505    x$fpl$dadd          fz_wm.l(daddsub_clz.o)
    0x0800640c   0x0800640c   0x0000002e   Code   RO         4512    x$fpl$dflt          fz_wm.l(dflt_clz.o)
    0x0800643a   0x0800643a   0x00000026   Code   RO         4511    x$fpl$dfltu         fz_wm.l(dflt_clz.o)
    0x08006460   0x08006460   0x00000154   Code   RO         4517    x$fpl$dmul          fz_wm.l(dmul.o)
    0x080065b4   0x080065b4   0x0000009c   Code   RO         4537    x$fpl$dnaninf       fz_wm.l(dnaninf.o)
    0x08006650   0x08006650   0x0000000c   Code   RO         4539    x$fpl$dretinf       fz_wm.l(dretinf.o)
    0x0800665c   0x0800665c   0x000001d4   Code   RO         4507    x$fpl$dsub          fz_wm.l(daddsub_clz.o)
    0x08006830   0x08006830   0x0000000a   Code   RO         4634    x$fpl$fpinit        fz_wm.l(fpinit.o)
    0x0800683a   0x0800683a   0x0000000a   Code   RO         4541    x$fpl$fretinf       fz_wm.l(fretinf.o)
    0x08006844   0x08006844   0x00000000   Code   RO         4543    x$fpl$usenofp       fz_wm.l(usenofp.o)
    0x08006844   0x08006844   0x00001a24   Data   RO          673    .constdata          oled.o
    0x08008268   0x08008268   0x00000020   Data   RO         4698    Region$$Table       anon$$obj.o


    Execution Region RW_IRAM1 (Exec base: 0x20000000, Load base: 0x08008288, Size: 0x00006030, Max: 0x00020000, ABSOLUTE, COMPRESSED[0x00000034])

    Exec Addr    Load Addr    Size         Type   Attr      Idx    E Section Name        Object

    0x20000000   COMPRESSED   0x00000004   Data   RW            5    .data               main.o
    0x20000004   COMPRESSED   0x00000014   Data   RW          341    .data               system_stm32f4xx.o
    0x20000018   COMPRESSED   0x00000004   Data   RW          382    .data               adc.o
    0x2000001c   COMPRESSED   0x00000004   Data   RW          384    .data               adc.o
    0x20000020   COMPRESSED   0x00000014   Data   RW          514    .data               key.o
    0x20000034   COMPRESSED   0x00000008   Data   RW          563    .data               led.o
    0x2000003c   COMPRESSED   0x00000004   Data   RW          847    .data               usartx.o
    0x20000040   COMPRESSED   0x00000008   Data   RW          995    .data               delay.o
    0x20000048   COMPRESSED   0x00000004   Data   RW         1068    .data               usart.o
    0x2000004c   COMPRESSED   0x00000010   Data   RW         1312    .data               stm32f4xx_rcc.o
    0x2000005c   COMPRESSED   0x0000003c   Data   RW         3385    .data               tasks.o
    0x20000098   COMPRESSED   0x00000014   Data   RW         3704    .data               timers.o
    0x200000ac   COMPRESSED   0x0000000c   Data   RW         3822    .data               port.o
    0x200000b8   COMPRESSED   0x00000018   Data   RW         3905    .data               heap_4.o
    0x200000d0   COMPRESSED   0x00000001   Data   RW         3963    .data               system.o
    0x200000d1   COMPRESSED   0x00000001   Data   RW         3964    .data               system.o
    0x200000d2   COMPRESSED   0x00000002   PAD
    0x200000d4   COMPRESSED   0x00000004   Data   RW         3965    .data               system.o
    0x200000d8   COMPRESSED   0x00000004   Data   RW         3966    .data               system.o
    0x200000dc   COMPRESSED   0x00000004   Data   RW         3967    .data               system.o
    0x200000e0   COMPRESSED   0x00000004   Data   RW         3968    .data               system.o
    0x200000e4   COMPRESSED   0x00000004   Data   RW         3969    .data               system.o
    0x200000e8   COMPRESSED   0x00000004   Data   RW         3970    .data               system.o
    0x200000ec   COMPRESSED   0x00000004   Data   RW         3971    .data               system.o
    0x200000f0   COMPRESSED   0x00000001   Data   RW         3972    .data               system.o
    0x200000f1   COMPRESSED   0x00000001   Data   RW         3973    .data               system.o
    0x200000f2   COMPRESSED   0x00000002   PAD
    0x200000f4   COMPRESSED   0x00000004   Data   RW         3983    .data               system.o
    0x200000f8   COMPRESSED   0x00000004   Data   RW         3985    .data               system.o
    0x200000fc   COMPRESSED   0x00000004   Data   RW         3986    .data               system.o
    0x20000100   COMPRESSED   0x00000004   Data   RW         3987    .data               system.o
    0x20000104   COMPRESSED   0x00000004   Data   RW         3988    .data               system.o
    0x20000108   COMPRESSED   0x00000004   Data   RW         3989    .data               system.o
    0x2000010c   COMPRESSED   0x00000004   Data   RW         3990    .data               system.o
    0x20000110   COMPRESSED   0x00000004   Data   RW         3991    .data               system.o
    0x20000114   COMPRESSED   0x00000001   Data   RW         3992    .data               system.o
    0x20000115   COMPRESSED   0x00000001   Data   RW         3993    .data               system.o
    0x20000116   COMPRESSED   0x00000001   Data   RW         3994    .data               system.o
    0x20000117   COMPRESSED   0x00000001   Data   RW         3995    .data               system.o
    0x20000118   COMPRESSED   0x00000001   Data   RW         3996    .data               system.o
    0x20000119   COMPRESSED   0x00000003   PAD
    0x2000011c   COMPRESSED   0x00000004   Data   RW         3997    .data               system.o
    0x20000120   COMPRESSED   0x00000044   Data   RW         4043    .data               balance.o
    0x20000164   COMPRESSED   0x00000001   Data   RW         4044    .data               balance.o
    0x20000165   COMPRESSED   0x00000003   PAD
    0x20000168   COMPRESSED   0x00000018   Data   RW         4186    .data               show.o
    0x20000180   COMPRESSED   0x00000028   Data   RW         4246    .data               mpu6050.o
    0x200001a8        -       0x00000400   Zero   RW          672    .bss                oled.o
    0x200005a8        -       0x0000005c   Zero   RW          846    .bss                usartx.o
    0x20000604        -       0x00000040   Zero   RW         3142    .bss                queue.o
    0x20000644        -       0x000002e4   Zero   RW         3384    .bss                tasks.o
    0x20000928        -       0x00000028   Zero   RW         3703    .bss                timers.o
    0x20000950        -       0x00005000   Zero   RW         3904    .bss                heap_4.o
    0x20005950        -       0x0000000c   Zero   RW         3956    .bss                system.o
    0x2000595c        -       0x00000014   Zero   RW         3957    .bss                system.o
    0x20005970        -       0x00000014   Zero   RW         3958    .bss                system.o
    0x20005984        -       0x00000014   Zero   RW         3959    .bss                system.o
    0x20005998        -       0x00000014   Zero   RW         3960    .bss                system.o
    0x200059ac        -       0x00000010   Zero   RW         4042    .bss                balance.o
    0x200059bc        -       0x00000014   Zero   RW         4156    .bss                robot_select_init.o
    0x200059d0        -       0x00000060   Zero   RW         4576    .bss                c_w.l(libspace.o)
    0x20005a30        -       0x00000200   Zero   RW         1109    HEAP                startup_stm32f40_41xxx.o
    0x20005c30        -       0x00000400   Zero   RW         1108    STACK               startup_stm32f40_41xxx.o


==============================================================================

Image component sizes


      Code (inc. data)   RO Data    RW Data    ZI Data      Debug   Object Name

       502         60          0          8          0       3865   adc.o
      2452        394          0         69         16      11196   balance.o
       212         18          0          8          0       3049   delay.o
      1008         86          0          0          0       5899   encoder.o
         0          0          0          0          0       9332   event_groups.o
       584        138          0         24      20480       4031   heap_4.o
       818         74          0          0          0       6777   i2c.o
       192         14          0         20          0       2982   key.o
       148         20          0          8          0       2136   led.o
       136          0          0          0          0       3098   list.o
       260        114          0          4          0     313036   main.o
       144         14          0          0          0       2033   misc.o
       896         48          0          0          0       4172   motor.o
       630         22          0         40          0       6316   mpu6050.o
       878         42       6692          0       1024       7446   oled.o
      1038        382          0         12          0      10609   port.o
      1832        236          0          0         64      13157   queue.o
       236         56          0          0         20       1657   robot_select_init.o
      1504        196          0         24          0       2828   show.o
        64         26        392          0       1536        824   startup_stm32f40_41xxx.o
       286         20          0          0          0       5466   stm32f4xx_adc.o
       174          0          0          0          0       3419   stm32f4xx_gpio.o
        12          0          0          0          0       2585   stm32f4xx_it.o
        12          6          0          0          0        510   stm32f4xx_pwr.o
       268         42          0         16          0       5708   stm32f4xx_rcc.o
      1186         60          0          0          0      18988   stm32f4xx_tim.o
       310          8          0          0          0       4330   stm32f4xx_usart.o
       172          0          0         73         92       4276   system.o
       272         36          0         20          0       1689   system_stm32f4xx.o
      2930        714          0         60        740      30133   tasks.o
       472         22          0          0          0       2088   timer.o
      1144        260          0         20         40       9766   timers.o
        26          6          0          4          0       2864   usart.o
      2546        330          0          4         92      13013   usartx.o

    ----------------------------------------------------------------------
     23384       3444       7116        424      24104     519278   Object Totals
         0          0         32          0          0          0   (incl. Generated)
        40          0          0         10          0          0   (incl. Padding)

    ----------------------------------------------------------------------

      Code (inc. data)   RO Data    RW Data    ZI Data      Debug   Library Member Name

        90          0          0          0          0          0   __dczerorl2.o
         8          0          0          0          0         68   __main.o
       104          0          0          0          0         84   __printf.o
         0          0          0          0          0          0   __rtentry.o
        12          0          0          0          0          0   __rtentry2.o
         6          0          0          0          0          0   __rtentry4.o
        52          8          0          0          0          0   __scatter.o
        28          0          0          0          0          0   __scatter_zi.o
        44          0          0          0          0        108   _printf_char.o
        48          6          0          0          0         96   _printf_char_common.o
        36          4          0          0          0         80   _printf_char_file.o
         6          0          0          0          0          0   _printf_d.o
       120         16          0          0          0         92   _printf_dec.o
       178          0          0          0          0         88   _printf_intcommon.o
         0          0          0          0          0          0   _printf_percent.o
         4          0          0          0          0          0   _printf_percent_end.o
         6          0          0          0          0          0   _printf_s.o
        82          0          0          0          0         80   _printf_str.o
        16          0          0          0          0         68   aeabi_memset.o
        18          0          0          0          0         80   exit.o
         8          0          0          0          0         68   ferror.o
         6          0          0          0          0        152   heapauxi.o
         2          0          0          0          0          0   libinit.o
         6          0          0          0          0          0   libinit2.o
         2          0          0          0          0          0   libshutdown.o
         2          0          0          0          0          0   libshutdown2.o
         8          4          0          0         96         68   libspace.o
        24          4          0          0          0         84   noretval__2printf.o
        68          0          0          0          0         68   rt_memclr.o
        78          0          0          0          0         80   rt_memclr_w.o
       138          0          0          0          0         68   rt_memcpy_v6.o
       100          0          0          0          0         80   rt_memcpy_w.o
         2          0          0          0          0          0   rtexit.o
        10          0          0          0          0          0   rtexit2.o
        74          0          0          0          0         80   sys_stackheap_outer.o
         2          0          0          0          0         68   use_no_semi.o
         2          0          0          0          0         68   use_no_semi_2.o
        98          4          0          0          0        140   d2f.o
       804         16          0          0          0        368   daddsub_clz.o
        84          0          0          0          0        232   dflt_clz.o
       340         12          0          0          0        152   dmul.o
       156          4          0          0          0        140   dnaninf.o
        12          0          0          0          0        116   dretinf.o
        10          0          0          0          0        116   fpinit.o
        10          0          0          0          0        116   fretinf.o
         0          0          0          0          0          0   usenofp.o

    ----------------------------------------------------------------------
      2916         78          0          0         96       3108   Library Totals
        12          0          0          0          0          0   (incl. Padding)

    ----------------------------------------------------------------------

      Code (inc. data)   RO Data    RW Data    ZI Data      Debug   Library Name

      1390         42          0          0         96       1728   c_w.l
      1514         36          0          0          0       1380   fz_wm.l

    ----------------------------------------------------------------------
      2916         78          0          0         96       3108   Library Totals

    ----------------------------------------------------------------------

==============================================================================


      Code (inc. data)   RO Data    RW Data    ZI Data      Debug   

     26300       3522       7116        424      24200     498202   Grand Totals
     26300       3522       7116         52      24200     498202   ELF Image Totals (compressed)
     26300       3522       7116         52          0          0   ROM Totals

==============================================================================

    Total RO  Size (Code + RO Data)                33416 (  32.63kB)
    Total RW  Size (RW Data + ZI Data)             24624 (  24.05kB)
    Total ROM Size (Code + RO Data + RW Data)      33468 (  32.68kB)

==============================================================================

